Archive member included to satisfy reference by file (symbol)

c:/ac6/systemworkbench/plugins/fr.ac6.mcu.externaltools.arm-none.win32_1.15.0.201708311556/tools/compiler/bin/../lib/gcc/arm-none-eabi/6.3.1/../../../../arm-none-eabi/lib/thumb/v7e-m/fpv4-sp/hard\libm.a(lib_a-s_cos.o)
                              Application/User/mecanum.o (cos)
c:/ac6/systemworkbench/plugins/fr.ac6.mcu.externaltools.arm-none.win32_1.15.0.201708311556/tools/compiler/bin/../lib/gcc/arm-none-eabi/6.3.1/../../../../arm-none-eabi/lib/thumb/v7e-m/fpv4-sp/hard\libm.a(lib_a-s_sin.o)
                              Application/User/mecanum.o (sin)
c:/ac6/systemworkbench/plugins/fr.ac6.mcu.externaltools.arm-none.win32_1.15.0.201708311556/tools/compiler/bin/../lib/gcc/arm-none-eabi/6.3.1/../../../../arm-none-eabi/lib/thumb/v7e-m/fpv4-sp/hard\libm.a(lib_a-w_atan2.o)
                              Application/User/mecanum.o (atan2)
c:/ac6/systemworkbench/plugins/fr.ac6.mcu.externaltools.arm-none.win32_1.15.0.201708311556/tools/compiler/bin/../lib/gcc/arm-none-eabi/6.3.1/../../../../arm-none-eabi/lib/thumb/v7e-m/fpv4-sp/hard\libm.a(lib_a-e_atan2.o)
                              c:/ac6/systemworkbench/plugins/fr.ac6.mcu.externaltools.arm-none.win32_1.15.0.201708311556/tools/compiler/bin/../lib/gcc/arm-none-eabi/6.3.1/../../../../arm-none-eabi/lib/thumb/v7e-m/fpv4-sp/hard\libm.a(lib_a-w_atan2.o) (__ieee754_atan2)
c:/ac6/systemworkbench/plugins/fr.ac6.mcu.externaltools.arm-none.win32_1.15.0.201708311556/tools/compiler/bin/../lib/gcc/arm-none-eabi/6.3.1/../../../../arm-none-eabi/lib/thumb/v7e-m/fpv4-sp/hard\libm.a(lib_a-e_rem_pio2.o)
                              c:/ac6/systemworkbench/plugins/fr.ac6.mcu.externaltools.arm-none.win32_1.15.0.201708311556/tools/compiler/bin/../lib/gcc/arm-none-eabi/6.3.1/../../../../arm-none-eabi/lib/thumb/v7e-m/fpv4-sp/hard\libm.a(lib_a-s_cos.o) (__ieee754_rem_pio2)
c:/ac6/systemworkbench/plugins/fr.ac6.mcu.externaltools.arm-none.win32_1.15.0.201708311556/tools/compiler/bin/../lib/gcc/arm-none-eabi/6.3.1/../../../../arm-none-eabi/lib/thumb/v7e-m/fpv4-sp/hard\libm.a(lib_a-k_cos.o)
                              c:/ac6/systemworkbench/plugins/fr.ac6.mcu.externaltools.arm-none.win32_1.15.0.201708311556/tools/compiler/bin/../lib/gcc/arm-none-eabi/6.3.1/../../../../arm-none-eabi/lib/thumb/v7e-m/fpv4-sp/hard\libm.a(lib_a-s_cos.o) (__kernel_cos)
c:/ac6/systemworkbench/plugins/fr.ac6.mcu.externaltools.arm-none.win32_1.15.0.201708311556/tools/compiler/bin/../lib/gcc/arm-none-eabi/6.3.1/../../../../arm-none-eabi/lib/thumb/v7e-m/fpv4-sp/hard\libm.a(lib_a-k_rem_pio2.o)
                              c:/ac6/systemworkbench/plugins/fr.ac6.mcu.externaltools.arm-none.win32_1.15.0.201708311556/tools/compiler/bin/../lib/gcc/arm-none-eabi/6.3.1/../../../../arm-none-eabi/lib/thumb/v7e-m/fpv4-sp/hard\libm.a(lib_a-e_rem_pio2.o) (__kernel_rem_pio2)
c:/ac6/systemworkbench/plugins/fr.ac6.mcu.externaltools.arm-none.win32_1.15.0.201708311556/tools/compiler/bin/../lib/gcc/arm-none-eabi/6.3.1/../../../../arm-none-eabi/lib/thumb/v7e-m/fpv4-sp/hard\libm.a(lib_a-k_sin.o)
                              c:/ac6/systemworkbench/plugins/fr.ac6.mcu.externaltools.arm-none.win32_1.15.0.201708311556/tools/compiler/bin/../lib/gcc/arm-none-eabi/6.3.1/../../../../arm-none-eabi/lib/thumb/v7e-m/fpv4-sp/hard\libm.a(lib_a-s_cos.o) (__kernel_sin)
c:/ac6/systemworkbench/plugins/fr.ac6.mcu.externaltools.arm-none.win32_1.15.0.201708311556/tools/compiler/bin/../lib/gcc/arm-none-eabi/6.3.1/../../../../arm-none-eabi/lib/thumb/v7e-m/fpv4-sp/hard\libm.a(lib_a-s_atan.o)
                              c:/ac6/systemworkbench/plugins/fr.ac6.mcu.externaltools.arm-none.win32_1.15.0.201708311556/tools/compiler/bin/../lib/gcc/arm-none-eabi/6.3.1/../../../../arm-none-eabi/lib/thumb/v7e-m/fpv4-sp/hard\libm.a(lib_a-e_atan2.o) (atan)
c:/ac6/systemworkbench/plugins/fr.ac6.mcu.externaltools.arm-none.win32_1.15.0.201708311556/tools/compiler/bin/../lib/gcc/arm-none-eabi/6.3.1/../../../../arm-none-eabi/lib/thumb/v7e-m/fpv4-sp/hard\libm.a(lib_a-s_fabs.o)
                              c:/ac6/systemworkbench/plugins/fr.ac6.mcu.externaltools.arm-none.win32_1.15.0.201708311556/tools/compiler/bin/../lib/gcc/arm-none-eabi/6.3.1/../../../../arm-none-eabi/lib/thumb/v7e-m/fpv4-sp/hard\libm.a(lib_a-e_atan2.o) (fabs)
c:/ac6/systemworkbench/plugins/fr.ac6.mcu.externaltools.arm-none.win32_1.15.0.201708311556/tools/compiler/bin/../lib/gcc/arm-none-eabi/6.3.1/../../../../arm-none-eabi/lib/thumb/v7e-m/fpv4-sp/hard\libm.a(lib_a-s_floor.o)
                              c:/ac6/systemworkbench/plugins/fr.ac6.mcu.externaltools.arm-none.win32_1.15.0.201708311556/tools/compiler/bin/../lib/gcc/arm-none-eabi/6.3.1/../../../../arm-none-eabi/lib/thumb/v7e-m/fpv4-sp/hard\libm.a(lib_a-k_rem_pio2.o) (floor)
[...]
Memory Configuration

Name             Origin             Length             Attributes
RAM              0x20000000         0x00020000         xrw
FLASH            0x08000000         0x00080000         xr
*default*        0x00000000         0xffffffff

Linker script and memory map

LOAD c:/ac6/systemworkbench/plugins/fr.ac6.mcu.externaltools.arm-none.win32_1.15.0.201708311556/tools/compiler/bin/../lib/gcc/arm-none-eabi/6.3.1/thumb/v7e-m/fpv4-sp/hard/crti.o
LOAD c:/ac6/systemworkbench/plugins/fr.ac6.mcu.externaltools.arm-none.win32_1.15.0.201708311556/tools/compiler/bin/../lib/gcc/arm-none-eabi/6.3.1/thumb/v7e-m/fpv4-sp/hard/crtbegin.o
LOAD c:/ac6/systemworkbench/plugins/fr.ac6.mcu.externaltools.arm-none.win32_1.15.0.201708311556/tools/compiler/bin/../lib/gcc/arm-none-eabi/6.3.1/../../../../arm-none-eabi/lib/thumb/v7e-m/fpv4-sp/hard/crt0.o
LOAD Application/SW4STM32/startup_stm32f446xx.o
LOAD Application/User/SBUS.o
LOAD Application/User/gpio.o
LOAD Application/User/main.o
LOAD Application/User/mecanum.o
LOAD Application/User/stm32f4xx_hal_msp.o
LOAD Application/User/stm32f4xx_it.o
LOAD Application/User/tim.o
LOAD Application/User/usart.o
LOAD Application/User/wrapper.o
LOAD Application/User/xprintf.o
LOAD Drivers/CMSIS/system_stm32f4xx.o
LOAD Drivers/STM32F4xx_HAL_Driver/stm32f4xx_hal.o
LOAD Drivers/STM32F4xx_HAL_Driver/stm32f4xx_hal_cortex.o
LOAD Drivers/STM32F4xx_HAL_Driver/stm32f4xx_hal_dma.o
LOAD Drivers/STM32F4xx_HAL_Driver/stm32f4xx_hal_dma_ex.o
LOAD Drivers/STM32F4xx_HAL_Driver/stm32f4xx_hal_flash.o
LOAD Drivers/STM32F4xx_HAL_Driver/stm32f4xx_hal_flash_ex.o
LOAD Drivers/STM32F4xx_HAL_Driver/stm32f4xx_hal_flash_ramfunc.o
LOAD Drivers/STM32F4xx_HAL_Driver/stm32f4xx_hal_gpio.o
LOAD Drivers/STM32F4xx_HAL_Driver/stm32f4xx_hal_pwr.o
LOAD Drivers/STM32F4xx_HAL_Driver/stm32f4xx_hal_pwr_ex.o
LOAD Drivers/STM32F4xx_HAL_Driver/stm32f4xx_hal_rcc.o
LOAD Drivers/STM32F4xx_HAL_Driver/stm32f4xx_hal_rcc_ex.o
LOAD Drivers/STM32F4xx_HAL_Driver/stm32f4xx_hal_tim.o
LOAD Drivers/STM32F4xx_HAL_Driver/stm32f4xx_hal_tim_ex.o
LOAD Drivers/STM32F4xx_HAL_Driver/stm32f4xx_hal_uart.o
LOAD c:/ac6/systemworkbench/plugins/fr.ac6.mcu.externaltools.arm-none.win32_1.15.0.201708311556/tools/compiler/bin/../lib/gcc/arm-none-eabi/6.3.1/../../../../arm-none-eabi/lib/thumb/v7e-m/fpv4-sp/hard\libstdc++_nano.a
LOAD c:/ac6/systemworkbench/plugins/fr.ac6.mcu.externaltools.arm-none.win32_1.15.0.201708311556/tools/compiler/bin/../lib/gcc/arm-none-eabi/6.3.1/../../../../arm-none-eabi/lib/thumb/v7e-m/fpv4-sp/hard\libm.a
START GROUP
LOAD c:/ac6/systemworkbench/plugins/fr.ac6.mcu.externaltools.arm-none.win32_1.15.0.201708311556/tools/compiler/bin/../lib/gcc/arm-none-eabi/6.3.1/thumb/v7e-m/fpv4-sp/hard\libgcc.a
LOAD c:/ac6/systemworkbench/plugins/fr.ac6.mcu.externaltools.arm-none.win32_1.15.0.201708311556/tools/compiler/bin/../lib/gcc/arm-none-eabi/6.3.1/../../../../arm-none-eabi/lib/thumb/v7e-m/fpv4-sp/hard\libc_nano.a
END GROUP
START GROUP
LOAD c:/ac6/systemworkbench/plugins/fr.ac6.mcu.externaltools.arm-none.win32_1.15.0.201708311556/tools/compiler/bin/../lib/gcc/arm-none-eabi/6.3.1/thumb/v7e-m/fpv4-sp/hard\libgcc.a
LOAD c:/ac6/systemworkbench/plugins/fr.ac6.mcu.externaltools.arm-none.win32_1.15.0.201708311556/tools/compiler/bin/../lib/gcc/arm-none-eabi/6.3.1/../../../../arm-none-eabi/lib/thumb/v7e-m/fpv4-sp/hard\libc_nano.a
LOAD c:/ac6/systemworkbench/plugins/fr.ac6.mcu.externaltools.arm-none.win32_1.15.0.201708311556/tools/compiler/bin/../lib/gcc/arm-none-eabi/6.3.1/../../../../arm-none-eabi/lib/thumb/v7e-m/fpv4-sp/hard\libnosys.a
END GROUP
START GROUP
LOAD c:/ac6/systemworkbench/plugins/fr.ac6.mcu.externaltools.arm-none.win32_1.15.0.201708311556/tools/compiler/bin/../lib/gcc/arm-none-eabi/6.3.1/thumb/v7e-m/fpv4-sp/hard\libgcc.a
LOAD c:/ac6/systemworkbench/plugins/fr.ac6.mcu.externaltools.arm-none.win32_1.15.0.201708311556/tools/compiler/bin/../lib/gcc/arm-none-eabi/6.3.1/../../../../arm-none-eabi/lib/thumb/v7e-m/fpv4-sp/hard\libc_nano.a
LOAD c:/ac6/systemworkbench/plugins/fr.ac6.mcu.externaltools.arm-none.win32_1.15.0.201708311556/tools/compiler/bin/../lib/gcc/arm-none-eabi/6.3.1/../../../../arm-none-eabi/lib/thumb/v7e-m/fpv4-sp/hard\libnosys.a
END GROUP
LOAD c:/ac6/systemworkbench/plugins/fr.ac6.mcu.externaltools.arm-none.win32_1.15.0.201708311556/tools/compiler/bin/../lib/gcc/arm-none-eabi/6.3.1/thumb/v7e-m/fpv4-sp/hard/crtend.o
LOAD c:/ac6/systemworkbench/plugins/fr.ac6.mcu.externaltools.arm-none.win32_1.15.0.201708311556/tools/compiler/bin/../lib/gcc/arm-none-eabi/6.3.1/thumb/v7e-m/fpv4-sp/hard/crtn.o
                0x20020000                _estack = 0x20020000
                0x00000200                _Min_Heap_Size = 0x200
                0x00000400                _Min_Stack_Size = 0x400

.isr_vector     0x08000000      0x1c4
                0x08000000                . = ALIGN (0x4)
 *(.isr_vector)
 .isr_vector    0x08000000      0x1c4 Application/SW4STM32/startup_stm32f446xx.o
                0x08000000                g_pfnVectors
                0x080001c4                . = ALIGN (0x4)

.text           0x080001c8     0x4c60
                0x080001c8                . = ALIGN (0x4)
 *(.text)
 .text          0x080001c8       0x6c c:/ac6/systemworkbench/plugins/fr.ac6.mcu.externaltools.arm-none.win32_1.15.0.201708311556/tools/compiler/bin/../lib/gcc/arm-none-eabi/6.3.1/thumb/v7e-m/fpv4-sp/hard/crtbegin.o
 .text          0x08000234      0x370 c:/ac6/systemworkbench/plugins/fr.ac6.mcu.externaltools.arm-none.win32_1.15.0.201708311556/tools/compiler/bin/../lib/gcc/arm-none-eabi/6.3.1/thumb/v7e-m/fpv4-sp/hard\libgcc.a(_arm_addsubdf3.o)
                0x08000234                __aeabi_drsub
                0x0800023c                __aeabi_dsub
                0x0800023c                __subdf3
                0x08000240                __aeabi_dadd
                0x08000240                __adddf3
                0x080004b8                __floatunsidf
                0x080004b8                __aeabi_ui2d
                0x080004d8                __floatsidf
                0x080004d8                __aeabi_i2d
                0x080004fc                __aeabi_f2d
                0x080004fc                __extendsfdf2
                0x08000538                __floatundidf
                0x08000538                __aeabi_ul2d
                0x08000548                __floatdidf
                0x08000548                __aeabi_l2d
 .text          0x080005a4      0x424 c:/ac6/systemworkbench/plugins/fr.ac6.mcu.externaltools.arm-none.win32_1.15.0.201708311556/tools/compiler/bin/../lib/gcc/arm-none-eabi/6.3.1/thumb/v7e-m/fpv4-sp/hard\libgcc.a(_arm_muldivdf3.o)
                0x080005a4                __aeabi_dmul
                0x080005a4                __muldf3
                0x080007f8                __divdf3
                0x080007f8                __aeabi_ddiv
 .text          0x080009c8      0x110 c:/ac6/systemworkbench/plugins/fr.ac6.mcu.externaltools.arm-none.win32_1.15.0.201708311556/tools/compiler/bin/../lib/gcc/arm-none-eabi/6.3.1/thumb/v7e-m/fpv4-sp/hard\libgcc.a(_arm_cmpdf2.o)
                0x080009c8                __gtdf2
                0x080009c8                __gedf2
                0x080009d0                __ltdf2
                0x080009d0                __ledf2
                0x080009d8                __nedf2
                0x080009d8                __eqdf2
                0x080009d8                __cmpdf2
                0x08000a54                __aeabi_cdrcmple
                0x08000a64                __aeabi_cdcmpeq
                0x08000a64                __aeabi_cdcmple
                0x08000a74                __aeabi_dcmpeq
                0x08000a88                __aeabi_dcmplt
                0x08000a9c                __aeabi_dcmple
                0x08000ab0                __aeabi_dcmpge
                0x08000ac4                __aeabi_dcmpgt
 .text          0x08000ad8       0x50 c:/ac6/systemworkbench/plugins/fr.ac6.mcu.externaltools.arm-none.win32_1.15.0.201708311556/tools/compiler/bin/../lib/gcc/arm-none-eabi/6.3.1/thumb/v7e-m/fpv4-sp/hard\libgcc.a(_arm_fixdfsi.o)
                0x08000ad8                __aeabi_d2iz
                0x08000ad8                __fixdfsi
 .text          0x08000b28       0xa0 c:/ac6/systemworkbench/plugins/fr.ac6.mcu.externaltools.arm-none.win32_1.15.0.201708311556/tools/compiler/bin/../lib/gcc/arm-none-eabi/6.3.1/thumb/v7e-m/fpv4-sp/hard\libgcc.a(_arm_truncdfsf2.o)
                0x08000b28                __truncdfsf2
                0x08000b28                __aeabi_d2f
 .text          0x08000bc8       0x30 c:/ac6/systemworkbench/plugins/fr.ac6.mcu.externaltools.arm-none.win32_1.15.0.201708311556/tools/compiler/bin/../lib/gcc/arm-none-eabi/6.3.1/thumb/v7e-m/fpv4-sp/hard\libgcc.a(_aeabi_uldivmod.o)
                0x08000bc8                __aeabi_uldivmod
 .text          0x08000bf8      0x2dc c:/ac6/systemworkbench/plugins/fr.ac6.mcu.externaltools.arm-none.win32_1.15.0.201708311556/tools/compiler/bin/../lib/gcc/arm-none-eabi/6.3.1/thumb/v7e-m/fpv4-sp/hard\libgcc.a(_udivmoddi4.o)
                0x08000bf8                __udivmoddi4
 .text          0x08000ed4        0x4 c:/ac6/systemworkbench/plugins/fr.ac6.mcu.externaltools.arm-none.win32_1.15.0.201708311556/tools/compiler/bin/../lib/gcc/arm-none-eabi/6.3.1/thumb/v7e-m/fpv4-sp/hard\libgcc.a(_dvmd_tls.o)
                0x08000ed4                __aeabi_idiv0
                0x08000ed4                __aeabi_ldiv0
 *(.text*)
 .text.Reset_Handler
                0x08000ed8       0x50 Application/SW4STM32/startup_stm32f446xx.o
                0x08000ed8                Reset_Handler
 .text.Default_Handler
                0x08000f28        0x2 Application/SW4STM32/startup_stm32f446xx.o
                0x08000f28                RTC_Alarm_IRQHandler
                0x08000f28                EXTI2_IRQHandler
                0x08000f28                TIM8_CC_IRQHandler
                0x08000f28                DebugMon_Handler
                0x08000f28                SPI4_IRQHandler
                0x08000f28                TIM1_CC_IRQHandler
                0x08000f28                DMA2_Stream5_IRQHandler
                0x08000f28                HardFault_Handler
                0x08000f28                DMA1_Stream5_IRQHandler
                0x08000f28                PVD_IRQHandler
                0x08000f28                SDIO_IRQHandler
                0x08000f28                TAMP_STAMP_IRQHandler
                0x08000f28                PendSV_Handler
                0x08000f28                NMI_Handler
                0x08000f28                CAN2_RX1_IRQHandler
                0x08000f28                EXTI3_IRQHandler
                0x08000f28                TIM8_TRG_COM_TIM14_IRQHandler
                0x08000f28                TIM1_UP_TIM10_IRQHandler
                0x08000f28                TIM8_UP_TIM13_IRQHandler
                0x08000f28                I2C3_ER_IRQHandler
                0x08000f28                FMPI2C1_Event_IRQHandler
                0x08000f28                EXTI0_IRQHandler
                0x08000f28                I2C2_EV_IRQHandler
                0x08000f28                DMA1_Stream2_IRQHandler
                0x08000f28                CAN1_RX0_IRQHandler
                0x08000f28                FPU_IRQHandler
                0x08000f28                OTG_HS_WKUP_IRQHandler
                0x08000f28                UsageFault_Handler
                0x08000f28                CAN2_SCE_IRQHandler
                0x08000f28                DMA2_Stream2_IRQHandler
                0x08000f28                SPI1_IRQHandler
                0x08000f28                TIM1_BRK_TIM9_IRQHandler
                0x08000f28                DCMI_IRQHandler
                0x08000f28                CAN2_RX0_IRQHandler
                0x08000f28                DMA2_Stream3_IRQHandler
                0x08000f28                SAI2_IRQHandler
                0x08000f28                USART6_IRQHandler
                0x08000f28                USART3_IRQHandler
                0x08000f28                CAN1_RX1_IRQHandler
                0x08000f28                UART5_IRQHandler
                0x08000f28                DMA2_Stream0_IRQHandler
                0x08000f28                TIM4_IRQHandler
                0x08000f28                QUADSPI_IRQHandler
                0x08000f28                I2C1_EV_IRQHandler
                0x08000f28                DMA1_Stream6_IRQHandler
                0x08000f28                DMA1_Stream1_IRQHandler
                0x08000f28                UART4_IRQHandler
                0x08000f28                TIM3_IRQHandler
                0x08000f28                RCC_IRQHandler
                0x08000f28                TIM8_BRK_TIM12_IRQHandler
                0x08000f28                Default_Handler
                0x08000f28                CEC_IRQHandler
                0x08000f28                EXTI15_10_IRQHandler
                0x08000f28                ADC_IRQHandler
                0x08000f28                DMA1_Stream7_IRQHandler
                0x08000f28                TIM7_IRQHandler
                0x08000f28                CAN2_TX_IRQHandler
                0x08000f28                TIM5_IRQHandler
                0x08000f28                DMA2_Stream7_IRQHandler
                0x08000f28                I2C3_EV_IRQHandler
                0x08000f28                EXTI9_5_IRQHandler
                0x08000f28                RTC_WKUP_IRQHandler
                0x08000f28                SPDIF_RX_IRQHandler
                0x08000f28                SPI2_IRQHandler
                0x08000f28                OTG_HS_EP1_IN_IRQHandler
                0x08000f28                MemManage_Handler
                0x08000f28                DMA1_Stream0_IRQHandler
                0x08000f28                CAN1_TX_IRQHandler
                0x08000f28                SVC_Handler
                0x08000f28                EXTI4_IRQHandler
                0x08000f28                OTG_HS_EP1_OUT_IRQHandler
                0x08000f28                WWDG_IRQHandler
                0x08000f28                TIM2_IRQHandler
                0x08000f28                OTG_FS_WKUP_IRQHandler
                0x08000f28                TIM1_TRG_COM_TIM11_IRQHandler
                0x08000f28                OTG_HS_IRQHandler
                0x08000f28                EXTI1_IRQHandler
                0x08000f28                USART2_IRQHandler
                0x08000f28                I2C2_ER_IRQHandler
                0x08000f28                DMA2_Stream1_IRQHandler
                0x08000f28                CAN1_SCE_IRQHandler
                0x08000f28                FLASH_IRQHandler
                0x08000f28                DMA2_Stream4_IRQHandler
                0x08000f28                BusFault_Handler
                0x08000f28                OTG_FS_IRQHandler
                0x08000f28                SPI3_IRQHandler
                0x08000f28                DMA1_Stream4_IRQHandler
                0x08000f28                I2C1_ER_IRQHandler
                0x08000f28                FMC_IRQHandler
                0x08000f28                DMA2_Stream6_IRQHandler
                0x08000f28                SAI1_IRQHandler
                0x08000f28                DMA1_Stream3_IRQHandler
                0x08000f28                FMPI2C1_Error_IRQHandler
 .text._ZN4SBUS14millisCountUp_Ev
                0x08000f2a        0xc Application/User/SBUS.o
                0x08000f2a                SBUS::millisCountUp_()
 *fill*         0x08000f36        0x2 
 .text._ZN4SBUS14read_sentence_Ev
                0x08000f38       0x30 Application/User/SBUS.o
                0x08000f38                SBUS::read_sentence_()
 .text._ZN4SBUS12data_to_val_Ev
                0x08000f68      0x136 Application/User/SBUS.o
                0x08000f68                SBUS::data_to_val_()
 *fill*         0x0800109e        0x2 
 .text._ZN4SBUS12center_rangeEv
                0x080010a0       0xb8 Application/User/SBUS.o
                0x080010a0                SBUS::center_range()
 .text._ZN4SBUS4safeEi
                0x08001158        0xe Application/User/SBUS.o
                0x08001158                SBUS::safe(int)
 .text._ZN4SBUS6buttonEi
                0x08001166       0x20 Application/User/SBUS.o
                0x08001166                SBUS::button(int)
 .text._ZN4SBUS3mapEiiiii
                0x08001186       0x1c Application/User/SBUS.o
                0x08001186                SBUS::map(int, int, int, int, int)
 *fill*         0x080011a2        0x2 
 .text._ZN4SBUS12data_encode_Ev
                0x080011a4       0xec Application/User/SBUS.o
                0x080011a4                SBUS::data_encode_()
 .text._ZN4SBUS7loop_doEPFvvE
                0x08001290       0x2c Application/User/SBUS.o
                0x08001290                SBUS::loop_do(void (*)())
 .text.MX_GPIO_Init
                0x080012bc       0xa0 Application/User/gpio.o
                0x080012bc                MX_GPIO_Init
 .text.do_something.8912
                0x0800135c       0x2c Application/User/main.o
 .text._Error_Handler
                0x08001388        0x2 Application/User/main.o
                0x08001388                _Error_Handler
 *fill*         0x0800138a        0x2 
 .text.SystemClock_Config
                0x0800138c       0xc4 Application/User/main.o
                0x0800138c                SystemClock_Config
 .text.main     0x08001450       0x58 Application/User/main.o
                0x08001450                main
 .text.get_Dir  0x080014a8       0x78 Application/User/mecanum.o
                0x080014a8                get_Dir
 .text.mecanumCon
                0x08001520      0x260 Application/User/mecanum.o
                0x08001520                mecanumCon
 .text.printMecanum
                0x08001780       0x84 Application/User/mecanum.o
                0x08001780                printMecanum
 .text.HAL_MspInit
                0x08001804       0x5e Application/User/stm32f4xx_hal_msp.o
                0x08001804                HAL_MspInit
 .text.SysTick_Handler
                0x08001862        0xc Application/User/stm32f4xx_it.o
                0x08001862                SysTick_Handler
 *fill*         0x0800186e        0x2 
 .text.USART1_IRQHandler
                0x08001870       0x10 Application/User/stm32f4xx_it.o
                0x08001870                USART1_IRQHandler
 .text.TIM6_DAC_IRQHandler
                0x08001880       0x14 Application/User/stm32f4xx_it.o
                0x08001880                TIM6_DAC_IRQHandler
 .text.MX_TIM6_Init
                0x08001894       0x54 Application/User/tim.o
                0x08001894                MX_TIM6_Init
 .text.HAL_TIM_Base_MspInit
                0x080018e8       0x40 Application/User/tim.o
                0x080018e8                HAL_TIM_Base_MspInit
 .text.MX_USART1_UART_Init
                0x08001928       0x40 Application/User/usart.o
                0x08001928                MX_USART1_UART_Init
 .text.MX_USART2_UART_Init
                0x08001968       0x3c Application/User/usart.o
                0x08001968                MX_USART2_UART_Init
 .text.HAL_UART_MspInit
                0x080019a4       0xa4 Application/User/usart.o
                0x080019a4                HAL_UART_MspInit
 .text._Z41__static_initialization_and_destruction_0ii
                0x08001a48       0x20 Application/User/wrapper.o
 .text.millisCountUp_
                0x08001a68       0x10 Application/User/wrapper.o
                0x08001a68                millisCountUp_
 .text.loop_do  0x08001a78       0x10 Application/User/wrapper.o
                0x08001a78                loop_do
 .text.get_send_data
                0x08001a88       0x20 Application/User/wrapper.o
                0x08001a88                get_send_data
 .text._GLOBAL__sub_I_instance
                0x08001aa8        0xe Application/User/wrapper.o
 *fill*         0x08001ab6        0x2 
 .text.uart_getc
                0x08001ab8       0x20 Application/User/xprintf.o
                0x08001ab8                uart_getc
 .text.uart_putc
                0x08001ad8       0x20 Application/User/xprintf.o
                0x08001ad8                uart_putc
 .text.xprintfInit
                0x08001af8       0x48 Application/User/xprintf.o
                0x08001af8                xprintfInit
 .text.xputc    0x08001b40       0x34 Application/User/xprintf.o
                0x08001b40                xputc
 .text.xputs    0x08001b74       0x14 Application/User/xprintf.o
                0x08001b74                xputs
 .text.xvprintf
                0x08001b88      0x1f4 Application/User/xprintf.o
 .text.xprintf  0x08001d7c       0x1c Application/User/xprintf.o
                0x08001d7c                xprintf
 .text.SystemInit
                0x08001d98       0x4c Drivers/CMSIS/system_stm32f4xx.o
                0x08001d98                SystemInit
 .text.HAL_InitTick
                0x08001de4       0x48 Drivers/STM32F4xx_HAL_Driver/stm32f4xx_hal.o
                0x08001de4                HAL_InitTick
 .text.HAL_Init
                0x08001e2c       0x34 Drivers/STM32F4xx_HAL_Driver/stm32f4xx_hal.o
                0x08001e2c                HAL_Init
 .text.HAL_IncTick
                0x08001e60       0x18 Drivers/STM32F4xx_HAL_Driver/stm32f4xx_hal.o
                0x08001e60                HAL_IncTick
 .text.HAL_GetTick
                0x08001e78        0xc Drivers/STM32F4xx_HAL_Driver/stm32f4xx_hal.o
                0x08001e78                HAL_GetTick
 .text.HAL_NVIC_SetPriorityGrouping
                0x08001e84       0x24 Drivers/STM32F4xx_HAL_Driver/stm32f4xx_hal_cortex.o
                0x08001e84                HAL_NVIC_SetPriorityGrouping
 .text.HAL_NVIC_SetPriority
                0x08001ea8       0x64 Drivers/STM32F4xx_HAL_Driver/stm32f4xx_hal_cortex.o
                0x08001ea8                HAL_NVIC_SetPriority
 .text.HAL_NVIC_EnableIRQ
                0x08001f0c       0x18 Drivers/STM32F4xx_HAL_Driver/stm32f4xx_hal_cortex.o
                0x08001f0c                HAL_NVIC_EnableIRQ
 .text.HAL_SYSTICK_Config
                0x08001f24       0x2c Drivers/STM32F4xx_HAL_Driver/stm32f4xx_hal_cortex.o
                0x08001f24                HAL_SYSTICK_Config
 .text.HAL_SYSTICK_CLKSourceConfig
                0x08001f50       0x20 Drivers/STM32F4xx_HAL_Driver/stm32f4xx_hal_cortex.o
                0x08001f50                HAL_SYSTICK_CLKSourceConfig
 .text.HAL_SYSTICK_Callback
                0x08001f70        0x2 Drivers/STM32F4xx_HAL_Driver/stm32f4xx_hal_cortex.o
                0x08001f70                HAL_SYSTICK_Callback
 .text.HAL_SYSTICK_IRQHandler
                0x08001f72        0x8 Drivers/STM32F4xx_HAL_Driver/stm32f4xx_hal_cortex.o
                0x08001f72                HAL_SYSTICK_IRQHandler
 .text.HAL_DMA_Abort_IT
                0x08001f7a       0x26 Drivers/STM32F4xx_HAL_Driver/stm32f4xx_hal_dma.o
                0x08001f7a                HAL_DMA_Abort_IT
 .text.HAL_GPIO_Init
                0x08001fa0      0x1c4 Drivers/STM32F4xx_HAL_Driver/stm32f4xx_hal_gpio.o
                0x08001fa0                HAL_GPIO_Init
 .text.HAL_GPIO_WritePin
                0x08002164        0xc Drivers/STM32F4xx_HAL_Driver/stm32f4xx_hal_gpio.o
                0x08002164                HAL_GPIO_WritePin
 .text.HAL_RCC_ClockConfig
                0x08002170      0x158 Drivers/STM32F4xx_HAL_Driver/stm32f4xx_hal_rcc.o
                0x08002170                HAL_RCC_ClockConfig
 .text.HAL_RCC_GetHCLKFreq
                0x080022c8        0xc Drivers/STM32F4xx_HAL_Driver/stm32f4xx_hal_rcc.o
                0x080022c8                HAL_RCC_GetHCLKFreq
 .text.HAL_RCC_GetPCLK1Freq
                0x080022d4       0x20 Drivers/STM32F4xx_HAL_Driver/stm32f4xx_hal_rcc.o
                0x080022d4                HAL_RCC_GetPCLK1Freq
 .text.HAL_RCC_GetPCLK2Freq
                0x080022f4       0x20 Drivers/STM32F4xx_HAL_Driver/stm32f4xx_hal_rcc.o
                0x080022f4                HAL_RCC_GetPCLK2Freq
 .text.HAL_RCC_GetSysClockFreq
                0x08002314      0x180 Drivers/STM32F4xx_HAL_Driver/stm32f4xx_hal_rcc_ex.o
                0x08002314                HAL_RCC_GetSysClockFreq
 .text.HAL_RCC_OscConfig
                0x08002494      0x3c4 Drivers/STM32F4xx_HAL_Driver/stm32f4xx_hal_rcc_ex.o
                0x08002494                HAL_RCC_OscConfig
 .text.HAL_TIM_Base_Start_IT
                0x08002858       0x18 Drivers/STM32F4xx_HAL_Driver/stm32f4xx_hal_tim.o
                0x08002858                HAL_TIM_Base_Start_IT
 .text.HAL_TIM_PeriodElapsedCallback
                0x08002870        0x2 Drivers/STM32F4xx_HAL_Driver/stm32f4xx_hal_tim.o
                0x08002870                HAL_TIM_PeriodElapsedCallback
 .text.HAL_TIM_OC_DelayElapsedCallback
                0x08002872        0x2 Drivers/STM32F4xx_HAL_Driver/stm32f4xx_hal_tim.o
                0x08002872                HAL_TIM_OC_DelayElapsedCallback
 .text.HAL_TIM_IC_CaptureCallback
                0x08002874        0x2 Drivers/STM32F4xx_HAL_Driver/stm32f4xx_hal_tim.o
                0x08002874                HAL_TIM_IC_CaptureCallback
 .text.HAL_TIM_PWM_PulseFinishedCallback
                0x08002876        0x2 Drivers/STM32F4xx_HAL_Driver/stm32f4xx_hal_tim.o
                0x08002876                HAL_TIM_PWM_PulseFinishedCallback
 .text.HAL_TIM_TriggerCallback
                0x08002878        0x2 Drivers/STM32F4xx_HAL_Driver/stm32f4xx_hal_tim.o
                0x08002878                HAL_TIM_TriggerCallback
 .text.HAL_TIM_IRQHandler
                0x0800287a      0x17a Drivers/STM32F4xx_HAL_Driver/stm32f4xx_hal_tim.o
                0x0800287a                HAL_TIM_IRQHandler
 .text.TIM_Base_SetConfig
                0x080029f4      0x11c Drivers/STM32F4xx_HAL_Driver/stm32f4xx_hal_tim.o
                0x080029f4                TIM_Base_SetConfig
 .text.HAL_TIM_Base_Init
                0x08002b10       0x32 Drivers/STM32F4xx_HAL_Driver/stm32f4xx_hal_tim.o
                0x08002b10                HAL_TIM_Base_Init
 .text.HAL_TIMEx_MasterConfigSynchronization
                0x08002b42       0x52 Drivers/STM32F4xx_HAL_Driver/stm32f4xx_hal_tim_ex.o
                0x08002b42                HAL_TIMEx_MasterConfigSynchronization
 .text.HAL_TIMEx_CommutationCallback
                0x08002b94        0x2 Drivers/STM32F4xx_HAL_Driver/stm32f4xx_hal_tim_ex.o
                0x08002b94                HAL_TIMEx_CommutationCallback
 .text.HAL_TIMEx_BreakCallback
                0x08002b96        0x2 Drivers/STM32F4xx_HAL_Driver/stm32f4xx_hal_tim_ex.o
                0x08002b96                HAL_TIMEx_BreakCallback
 .text.UART_EndRxTransfer
                0x08002b98       0x1c Drivers/STM32F4xx_HAL_Driver/stm32f4xx_hal_uart.o
 .text.UART_Transmit_IT
                0x08002bb4       0x6a Drivers/STM32F4xx_HAL_Driver/stm32f4xx_hal_uart.o
 *fill*         0x08002c1e        0x2 
 .text.UART_SetConfig
                0x08002c20      0x344 Drivers/STM32F4xx_HAL_Driver/stm32f4xx_hal_uart.o
 .text.UART_WaitOnFlagUntilTimeout
                0x08002f64       0x64 Drivers/STM32F4xx_HAL_Driver/stm32f4xx_hal_uart.o
 .text.HAL_UART_Init
                0x08002fc8       0x5e Drivers/STM32F4xx_HAL_Driver/stm32f4xx_hal_uart.o
                0x08002fc8                HAL_UART_Init
 .text.HAL_UART_Transmit
                0x08003026       0xe2 Drivers/STM32F4xx_HAL_Driver/stm32f4xx_hal_uart.o
                0x08003026                HAL_UART_Transmit
 .text.HAL_UART_Receive
                0x08003108       0xe6 Drivers/STM32F4xx_HAL_Driver/stm32f4xx_hal_uart.o
                0x08003108                HAL_UART_Receive
 .text.HAL_UART_TxCpltCallback
                0x080031ee        0x2 Drivers/STM32F4xx_HAL_Driver/stm32f4xx_hal_uart.o
                0x080031ee                HAL_UART_TxCpltCallback
 .text.UART_EndTransmit_IT
                0x080031f0       0x1a Drivers/STM32F4xx_HAL_Driver/stm32f4xx_hal_uart.o
 .text.HAL_UART_RxCpltCallback
                0x0800320a        0x2 Drivers/STM32F4xx_HAL_Driver/stm32f4xx_hal_uart.o
                0x0800320a                HAL_UART_RxCpltCallback
 .text.UART_Receive_IT
                0x0800320c       0x94 Drivers/STM32F4xx_HAL_Driver/stm32f4xx_hal_uart.o
 .text.HAL_UART_ErrorCallback
                0x080032a0        0x2 Drivers/STM32F4xx_HAL_Driver/stm32f4xx_hal_uart.o
                0x080032a0                HAL_UART_ErrorCallback
 *fill*         0x080032a2        0x2 
 .text.HAL_UART_IRQHandler
                0x080032a4      0x120 Drivers/STM32F4xx_HAL_Driver/stm32f4xx_hal_uart.o
                0x080032a4                HAL_UART_IRQHandler
 .text.UART_DMAAbortOnError
                0x080033c4       0x10 Drivers/STM32F4xx_HAL_Driver/stm32f4xx_hal_uart.o
 *fill*         0x080033d4        0x4 
 .text.cos      0x080033d8       0xc0 c:/ac6/systemworkbench/plugins/fr.ac6.mcu.externaltools.arm-none.win32_1.15.0.201708311556/tools/compiler/bin/../lib/gcc/arm-none-eabi/6.3.1/../../../../arm-none-eabi/lib/thumb/v7e-m/fpv4-sp/hard\libm.a(lib_a-s_cos.o)
                0x080033d8                cos
 .text.sin      0x08003498       0xc0 c:/ac6/systemworkbench/plugins/fr.ac6.mcu.externaltools.arm-none.win32_1.15.0.201708311556/tools/compiler/bin/../lib/gcc/arm-none-eabi/6.3.1/../../../../arm-none-eabi/lib/thumb/v7e-m/fpv4-sp/hard\libm.a(lib_a-s_sin.o)
                0x08003498                sin
 .text.atan2    0x08003558        0x4 c:/ac6/systemworkbench/plugins/fr.ac6.mcu.externaltools.arm-none.win32_1.15.0.201708311556/tools/compiler/bin/../lib/gcc/arm-none-eabi/6.3.1/../../../../arm-none-eabi/lib/thumb/v7e-m/fpv4-sp/hard\libm.a(lib_a-w_atan2.o)
                0x08003558                atan2
 *fill*         0x0800355c        0x4 
 .text.__ieee754_atan2
                0x08003560      0x1c4 c:/ac6/systemworkbench/plugins/fr.ac6.mcu.externaltools.arm-none.win32_1.15.0.201708311556/tools/compiler/bin/../lib/gcc/arm-none-eabi/6.3.1/../../../../arm-none-eabi/lib/thumb/v7e-m/fpv4-sp/hard\libm.a(lib_a-e_atan2.o)
                0x08003560                __ieee754_atan2
 *fill*         0x08003724        0x4 
 .text.__ieee754_rem_pio2
                0x08003728      0x44c c:/ac6/systemworkbench/plugins/fr.ac6.mcu.externaltools.arm-none.win32_1.15.0.201708311556/tools/compiler/bin/../lib/gcc/arm-none-eabi/6.3.1/../../../../arm-none-eabi/lib/thumb/v7e-m/fpv4-sp/hard\libm.a(lib_a-e_rem_pio2.o)
                0x08003728                __ieee754_rem_pio2
 *fill*         0x08003b74        0x4 
 .text.__kernel_cos
                0x08003b78      0x284 c:/ac6/systemworkbench/plugins/fr.ac6.mcu.externaltools.arm-none.win32_1.15.0.201708311556/tools/compiler/bin/../lib/gcc/arm-none-eabi/6.3.1/../../../../arm-none-eabi/lib/thumb/v7e-m/fpv4-sp/hard\libm.a(lib_a-k_cos.o)
                0x08003b78                __kernel_cos
 *fill*         0x08003dfc        0x4 
 .text.__kernel_rem_pio2
                0x08003e00      0x870 c:/ac6/systemworkbench/plugins/fr.ac6.mcu.externaltools.arm-none.win32_1.15.0.201708311556/tools/compiler/bin/../lib/gcc/arm-none-eabi/6.3.1/../../../../arm-none-eabi/lib/thumb/v7e-m/fpv4-sp/hard\libm.a(lib_a-k_rem_pio2.o)
                0x08003e00                __kernel_rem_pio2
 .text.__kernel_sin
                0x08004670      0x194 c:/ac6/systemworkbench/plugins/fr.ac6.mcu.externaltools.arm-none.win32_1.15.0.201708311556/tools/compiler/bin/../lib/gcc/arm-none-eabi/6.3.1/../../../../arm-none-eabi/lib/thumb/v7e-m/fpv4-sp/hard\libm.a(lib_a-k_sin.o)
                0x08004670                __kernel_sin
 *fill*         0x08004804        0x4 
 .text.atan     0x08004808      0x368 c:/ac6/systemworkbench/plugins/fr.ac6.mcu.externaltools.arm-none.win32_1.15.0.201708311556/tools/compiler/bin/../lib/gcc/arm-none-eabi/6.3.1/../../../../arm-none-eabi/lib/thumb/v7e-m/fpv4-sp/hard\libm.a(lib_a-s_atan.o)
                0x08004808                atan
 .text.fabs     0x08004b70       0x10 c:/ac6/systemworkbench/plugins/fr.ac6.mcu.externaltools.arm-none.win32_1.15.0.201708311556/tools/compiler/bin/../lib/gcc/arm-none-eabi/6.3.1/../../../../arm-none-eabi/lib/thumb/v7e-m/fpv4-sp/hard\libm.a(lib_a-s_fabs.o)
                0x08004b70                fabs
 .text.floor    0x08004b80      0x120 c:/ac6/systemworkbench/plugins/fr.ac6.mcu.externaltools.arm-none.win32_1.15.0.201708311556/tools/compiler/bin/../lib/gcc/arm-none-eabi/6.3.1/../../../../arm-none-eabi/lib/thumb/v7e-m/fpv4-sp/hard\libm.a(lib_a-s_floor.o)
                0x08004b80                floor
 .text.scalbn   0x08004ca0      0x10c c:/ac6/systemworkbench/plugins/fr.ac6.mcu.externaltools.arm-none.win32_1.15.0.201708311556/tools/compiler/bin/../lib/gcc/arm-none-eabi/6.3.1/../../../../arm-none-eabi/lib/thumb/v7e-m/fpv4-sp/hard\libm.a(lib_a-s_scalbn.o)
                0x08004ca0                scalbn
 .text.copysign
                0x08004dac       0x1c c:/ac6/systemworkbench/plugins/fr.ac6.mcu.externaltools.arm-none.win32_1.15.0.201708311556/tools/compiler/bin/../lib/gcc/arm-none-eabi/6.3.1/../../../../arm-none-eabi/lib/thumb/v7e-m/fpv4-sp/hard\libm.a(lib_a-s_copysign.o)
                0x08004dac                copysign
 .text.__libc_init_array
                0x08004dc8       0x48 c:/ac6/systemworkbench/plugins/fr.ac6.mcu.externaltools.arm-none.win32_1.15.0.201708311556/tools/compiler/bin/../lib/gcc/arm-none-eabi/6.3.1/../../../../arm-none-eabi/lib/thumb/v7e-m/fpv4-sp/hard\libc_nano.a(lib_a-init.o)
                0x08004dc8                __libc_init_array
 *(.glue_7)
 .glue_7        0x08004e10        0x0 linker stubs
 *(.glue_7t)
 .glue_7t       0x08004e10        0x0 linker stubs
 *(.eh_frame)
 .eh_frame      0x08004e10        0x0 c:/ac6/systemworkbench/plugins/fr.ac6.mcu.externaltools.arm-none.win32_1.15.0.201708311556/tools/compiler/bin/../lib/gcc/arm-none-eabi/6.3.1/thumb/v7e-m/fpv4-sp/hard/crtbegin.o
 *(.init)
 .init          0x08004e10        0x4 c:/ac6/systemworkbench/plugins/fr.ac6.mcu.externaltools.arm-none.win32_1.15.0.201708311556/tools/compiler/bin/../lib/gcc/arm-none-eabi/6.3.1/thumb/v7e-m/fpv4-sp/hard/crti.o
                0x08004e10                _init
 .init          0x08004e14        0x8 c:/ac6/systemworkbench/plugins/fr.ac6.mcu.externaltools.arm-none.win32_1.15.0.201708311556/tools/compiler/bin/../lib/gcc/arm-none-eabi/6.3.1/thumb/v7e-m/fpv4-sp/hard/crtn.o
 *(.fini)
 .fini          0x08004e1c        0x4 c:/ac6/systemworkbench/plugins/fr.ac6.mcu.externaltools.arm-none.win32_1.15.0.201708311556/tools/compiler/bin/../lib/gcc/arm-none-eabi/6.3.1/thumb/v7e-m/fpv4-sp/hard/crti.o
                0x08004e1c                _fini
 .fini          0x08004e20        0x8 c:/ac6/systemworkbench/plugins/fr.ac6.mcu.externaltools.arm-none.win32_1.15.0.201708311556/tools/compiler/bin/../lib/gcc/arm-none-eabi/6.3.1/thumb/v7e-m/fpv4-sp/hard/crtn.o
                0x08004e28                . = ALIGN (0x4)
                0x08004e28                _etext = .

.vfp11_veneer   0x08004e28        0x0
 .vfp11_veneer  0x08004e28        0x0 linker stubs

.v4_bx          0x08004e28        0x0
 .v4_bx         0x08004e28        0x0 linker stubs

.iplt           0x08004e28        0x0
 .iplt          0x08004e28        0x0 c:/ac6/systemworkbench/plugins/fr.ac6.mcu.externaltools.arm-none.win32_1.15.0.201708311556/tools/compiler/bin/../lib/gcc/arm-none-eabi/6.3.1/thumb/v7e-m/fpv4-sp/hard/crtbegin.o

.rodata         0x08004e28      0x318
                0x08004e28                . = ALIGN (0x4)
 *(.rodata)
 .rodata        0x08004e28       0x18 Drivers/CMSIS/system_stm32f4xx.o
                0x08004e28                AHBPrescTable
                0x08004e38                APBPrescTable
 *(.rodata*)
 .rodata.str1.4
                0x08004e40       0x46 Application/User/main.o
 *fill*         0x08004e86        0x2 
 .rodata.str1.4
                0x08004e88        0xe Application/User/mecanum.o
 *fill*         0x08004e96        0x2 
 .rodata.str1.4
                0x08004e98       0x45 Application/User/tim.o
 *fill*         0x08004edd        0x3 
 .rodata.str1.4
                0x08004ee0       0x48 Application/User/usart.o
                                 0x47 (size before relaxing)
 .rodata.npio2_hw
                0x08004f28       0x80 c:/ac6/systemworkbench/plugins/fr.ac6.mcu.externaltools.arm-none.win32_1.15.0.201708311556/tools/compiler/bin/../lib/gcc/arm-none-eabi/6.3.1/../../../../arm-none-eabi/lib/thumb/v7e-m/fpv4-sp/hard\libm.a(lib_a-e_rem_pio2.o)
 .rodata.two_over_pi
                0x08004fa8      0x108 c:/ac6/systemworkbench/plugins/fr.ac6.mcu.externaltools.arm-none.win32_1.15.0.201708311556/tools/compiler/bin/../lib/gcc/arm-none-eabi/6.3.1/../../../../arm-none-eabi/lib/thumb/v7e-m/fpv4-sp/hard\libm.a(lib_a-e_rem_pio2.o)
 .rodata.PIo2   0x080050b0       0x40 c:/ac6/systemworkbench/plugins/fr.ac6.mcu.externaltools.arm-none.win32_1.15.0.201708311556/tools/compiler/bin/../lib/gcc/arm-none-eabi/6.3.1/../../../../arm-none-eabi/lib/thumb/v7e-m/fpv4-sp/hard\libm.a(lib_a-k_rem_pio2.o)
 .rodata.init_jk
                0x080050f0       0x10 c:/ac6/systemworkbench/plugins/fr.ac6.mcu.externaltools.arm-none.win32_1.15.0.201708311556/tools/compiler/bin/../lib/gcc/arm-none-eabi/6.3.1/../../../../arm-none-eabi/lib/thumb/v7e-m/fpv4-sp/hard\libm.a(lib_a-k_rem_pio2.o)
 .rodata.atanhi
                0x08005100       0x20 c:/ac6/systemworkbench/plugins/fr.ac6.mcu.externaltools.arm-none.win32_1.15.0.201708311556/tools/compiler/bin/../lib/gcc/arm-none-eabi/6.3.1/../../../../arm-none-eabi/lib/thumb/v7e-m/fpv4-sp/hard\libm.a(lib_a-s_atan.o)
 .rodata.atanlo
                0x08005120       0x20 c:/ac6/systemworkbench/plugins/fr.ac6.mcu.externaltools.arm-none.win32_1.15.0.201708311556/tools/compiler/bin/../lib/gcc/arm-none-eabi/6.3.1/../../../../arm-none-eabi/lib/thumb/v7e-m/fpv4-sp/hard\libm.a(lib_a-s_atan.o)
                0x08005140                . = ALIGN (0x4)

.ARM.extab
 *(.ARM.extab* .gnu.linkonce.armextab.*)

.ARM            0x08005140        0x8
                0x08005140                __exidx_start = .
 *(.ARM.exidx*)
 .ARM.exidx     0x08005140        0x8 c:/ac6/systemworkbench/plugins/fr.ac6.mcu.externaltools.arm-none.win32_1.15.0.201708311556/tools/compiler/bin/../lib/gcc/arm-none-eabi/6.3.1/thumb/v7e-m/fpv4-sp/hard\libgcc.a(_udivmoddi4.o)
                0x08005148                __exidx_end = .

.rel.dyn        0x08005148        0x0
 .rel.iplt      0x08005148        0x0 c:/ac6/systemworkbench/plugins/fr.ac6.mcu.externaltools.arm-none.win32_1.15.0.201708311556/tools/compiler/bin/../lib/gcc/arm-none-eabi/6.3.1/thumb/v7e-m/fpv4-sp/hard/crtbegin.o

.preinit_array  0x08005148        0x0
                0x08005148                PROVIDE (__preinit_array_start, .)
 *(.preinit_array*)
                0x08005148                PROVIDE (__preinit_array_end, .)

.init_array     0x08005148        0x8
                0x08005148                PROVIDE (__init_array_start, .)
 *(SORT(.init_array.*))
 *(.init_array*)
 .init_array    0x08005148        0x4 c:/ac6/systemworkbench/plugins/fr.ac6.mcu.externaltools.arm-none.win32_1.15.0.201708311556/tools/compiler/bin/../lib/gcc/arm-none-eabi/6.3.1/thumb/v7e-m/fpv4-sp/hard/crtbegin.o
 .init_array    0x0800514c        0x4 Application/User/wrapper.o
                0x08005150                PROVIDE (__init_array_end, .)

.fini_array     0x08005150        0x4
                [!provide]                PROVIDE (__fini_array_start, .)
 *(SORT(.fini_array.*))
 *(.fini_array*)
 .fini_array    0x08005150        0x4 c:/ac6/systemworkbench/plugins/fr.ac6.mcu.externaltools.arm-none.win32_1.15.0.201708311556/tools/compiler/bin/../lib/gcc/arm-none-eabi/6.3.1/thumb/v7e-m/fpv4-sp/hard/crtbegin.o
                [!provide]                PROVIDE (__fini_array_end, .)
                0x08005154                _sidata = LOADADDR (.data)

.data           0x20000000       0x10 load address 0x08005154
                0x20000000                . = ALIGN (0x4)
                0x20000000                _sdata = .
 *(.data)
 .data          0x20000000        0x4 Application/User/main.o
                0x20000000                pMotor
 .data          0x20000004        0x4 Drivers/CMSIS/system_stm32f4xx.o
                0x20000004                SystemCoreClock
 .data          0x20000008        0x8 Drivers/STM32F4xx_HAL_Driver/stm32f4xx_hal.o
                0x20000008                uwTickFreq
                0x2000000c                uwTickPrio
 *(.data*)
                0x20000010                . = ALIGN (0x4)
                0x20000010                _edata = .

.jcr            0x20000010        0x0 load address 0x08005164
 .jcr           0x20000010        0x0 c:/ac6/systemworkbench/plugins/fr.ac6.mcu.externaltools.arm-none.win32_1.15.0.201708311556/tools/compiler/bin/../lib/gcc/arm-none-eabi/6.3.1/thumb/v7e-m/fpv4-sp/hard/crtbegin.o

.igot.plt       0x20000010        0x0 load address 0x08005164
 .igot.plt      0x20000010        0x0 c:/ac6/systemworkbench/plugins/fr.ac6.mcu.externaltools.arm-none.win32_1.15.0.201708311556/tools/compiler/bin/../lib/gcc/arm-none-eabi/6.3.1/thumb/v7e-m/fpv4-sp/hard/crtbegin.o
                0x20000010                . = ALIGN (0x4)

.bss            0x20000010      0x248 load address 0x08005164
                0x20000010                _sbss = .
                0x20000010                __bss_start__ = _sbss
 *(.bss)
 .bss           0x20000010       0x1c c:/ac6/systemworkbench/plugins/fr.ac6.mcu.externaltools.arm-none.win32_1.15.0.201708311556/tools/compiler/bin/../lib/gcc/arm-none-eabi/6.3.1/thumb/v7e-m/fpv4-sp/hard/crtbegin.o
 .bss           0x2000002c       0x2c Application/User/SBUS.o
                0x2000002c                point1
                0x20000030                test_send_data_
 .bss           0x20000058        0x4 Application/User/mecanum.o
                0x20000058                rad
 .bss           0x2000005c       0x9c Application/User/wrapper.o
                0x2000005c                instance
 .bss           0x200000f8        0x4 Application/User/xprintf.o
 *(.bss*)
 *(COMMON)
 COMMON         0x200000fc       0x54 Application/User/main.o
                0x200000fc                huart_xprintf
                0x2000013c                Motor
 COMMON         0x20000150       0x40 Application/User/mecanum.o
                0x20000150                FRpow
                0x20000154                FLpow
                0x20000158                BRpow
                0x2000015c                BLpow
                0x20000160                Dir
 COMMON         0x20000190       0x3c Application/User/tim.o
                0x20000190                htim6
 COMMON         0x200001cc       0x80 Application/User/usart.o
                0x200001cc                huart1
                0x2000020c                huart2
 COMMON         0x2000024c        0x8 Application/User/xprintf.o
                0x2000024c                xfunc_in
                0x20000250                xfunc_out
 COMMON         0x20000254        0x4 Drivers/STM32F4xx_HAL_Driver/stm32f4xx_hal.o
                0x20000254                uwTick
                0x20000258                . = ALIGN (0x4)
                0x20000258                _ebss = .
                0x20000258                __bss_end__ = _ebss

._user_heap_stack
                0x20000258      0x600 load address 0x08005164
                0x20000258                . = ALIGN (0x8)
                [!provide]                PROVIDE (end, .)
                [!provide]                PROVIDE (_end, .)
                0x20000458                . = (. + _Min_Heap_Size)
 *fill*         0x20000258      0x200 
                0x20000858                . = (. + _Min_Stack_Size)
 *fill*         0x20000458      0x400 
                0x20000858                . = ALIGN (0x8)

/DISCARD/
 libc.a(*)
 libm.a(*)
 libgcc.a(*)

.ARM.attributes
                0x00000000       0x30
 *(.ARM.attributes)
 .ARM.attributes
                0x00000000       0x22 c:/ac6/systemworkbench/plugins/fr.ac6.mcu.externaltools.arm-none.win32_1.15.0.201708311556/tools/compiler/bin/../lib/gcc/arm-none-eabi/6.3.1/thumb/v7e-m/fpv4-sp/hard/crti.o
 .ARM.attributes
                0x00000022       0x34 c:/ac6/systemworkbench/plugins/fr.ac6.mcu.externaltools.arm-none.win32_1.15.0.201708311556/tools/compiler/bin/../lib/gcc/arm-none-eabi/6.3.1/thumb/v7e-m/fpv4-sp/hard/crtbegin.o
 .ARM.attributes
                0x00000056       0x21 Application/SW4STM32/startup_stm32f446xx.o
 .ARM.attributes
                0x00000077       0x39 Application/User/SBUS.o
 .ARM.attributes
                0x000000b0       0x39 Application/User/gpio.o
 .ARM.attributes
                0x000000e9       0x39 Application/User/main.o
 .ARM.attributes
                0x00000122       0x39 Application/User/mecanum.o
 .ARM.attributes
                0x0000015b       0x39 Application/User/stm32f4xx_hal_msp.o
 .ARM.attributes
                0x00000194       0x39 Application/User/stm32f4xx_it.o
 .ARM.attributes
                0x000001cd       0x39 Application/User/tim.o
 .ARM.attributes
                0x00000206       0x39 Application/User/usart.o
 .ARM.attributes
                0x0000023f       0x39 Application/User/wrapper.o
 .ARM.attributes
                0x00000278       0x39 Application/User/xprintf.o
 .ARM.attributes
                0x000002b1       0x39 Drivers/CMSIS/system_stm32f4xx.o
 .ARM.attributes
                0x000002ea       0x39 Drivers/STM32F4xx_HAL_Driver/stm32f4xx_hal.o
 .ARM.attributes
                0x00000323       0x39 Drivers/STM32F4xx_HAL_Driver/stm32f4xx_hal_cortex.o
 .ARM.attributes
                0x0000035c       0x39 Drivers/STM32F4xx_HAL_Driver/stm32f4xx_hal_dma.o
 .ARM.attributes
                0x00000395       0x39 Drivers/STM32F4xx_HAL_Driver/stm32f4xx_hal_gpio.o
 .ARM.attributes
                0x000003ce       0x39 Drivers/STM32F4xx_HAL_Driver/stm32f4xx_hal_rcc.o
 .ARM.attributes
                0x00000407       0x39 Drivers/STM32F4xx_HAL_Driver/stm32f4xx_hal_rcc_ex.o
 .ARM.attributes
                0x00000440       0x39 Drivers/STM32F4xx_HAL_Driver/stm32f4xx_hal_tim.o
 .ARM.attributes
                0x00000479       0x39 Drivers/STM32F4xx_HAL_Driver/stm32f4xx_hal_tim_ex.o
 .ARM.attributes
                0x000004b2       0x39 Drivers/STM32F4xx_HAL_Driver/stm32f4xx_hal_uart.o
 .ARM.attributes
                0x000004eb       0x34 c:/ac6/systemworkbench/plugins/fr.ac6.mcu.externaltools.arm-none.win32_1.15.0.201708311556/tools/compiler/bin/../lib/gcc/arm-none-eabi/6.3.1/../../../../arm-none-eabi/lib/thumb/v7e-m/fpv4-sp/hard\libm.a(lib_a-s_cos.o)
 .ARM.attributes
                0x0000051f       0x34 c:/ac6/systemworkbench/plugins/fr.ac6.mcu.externaltools.arm-none.win32_1.15.0.201708311556/tools/compiler/bin/../lib/gcc/arm-none-eabi/6.3.1/../../../../arm-none-eabi/lib/thumb/v7e-m/fpv4-sp/hard\libm.a(lib_a-s_sin.o)
 .ARM.attributes
                0x00000553       0x34 c:/ac6/systemworkbench/plugins/fr.ac6.mcu.externaltools.arm-none.win32_1.15.0.201708311556/tools/compiler/bin/../lib/gcc/arm-none-eabi/6.3.1/../../../../arm-none-eabi/lib/thumb/v7e-m/fpv4-sp/hard\libm.a(lib_a-w_atan2.o)
 .ARM.attributes
                0x00000587       0x34 c:/ac6/systemworkbench/plugins/fr.ac6.mcu.externaltools.arm-none.win32_1.15.0.201708311556/tools/compiler/bin/../lib/gcc/arm-none-eabi/6.3.1/../../../../arm-none-eabi/lib/thumb/v7e-m/fpv4-sp/hard\libm.a(lib_a-e_atan2.o)
 .ARM.attributes
                0x000005bb       0x34 c:/ac6/systemworkbench/plugins/fr.ac6.mcu.externaltools.arm-none.win32_1.15.0.201708311556/tools/compiler/bin/../lib/gcc/arm-none-eabi/6.3.1/../../../../arm-none-eabi/lib/thumb/v7e-m/fpv4-sp/hard\libm.a(lib_a-e_rem_pio2.o)
 .ARM.attributes
                0x000005ef       0x34 c:/ac6/systemworkbench/plugins/fr.ac6.mcu.externaltools.arm-none.win32_1.15.0.201708311556/tools/compiler/bin/../lib/gcc/arm-none-eabi/6.3.1/../../../../arm-none-eabi/lib/thumb/v7e-m/fpv4-sp/hard\libm.a(lib_a-k_cos.o)
 .ARM.attributes
                0x00000623       0x34 c:/ac6/systemworkbench/plugins/fr.ac6.mcu.externaltools.arm-none.win32_1.15.0.201708311556/tools/compiler/bin/../lib/gcc/arm-none-eabi/6.3.1/../../../../arm-none-eabi/lib/thumb/v7e-m/fpv4-sp/hard\libm.a(lib_a-k_rem_pio2.o)
 .ARM.attributes
                0x00000657       0x34 c:/ac6/systemworkbench/plugins/fr.ac6.mcu.externaltools.arm-none.win32_1.15.0.201708311556/tools/compiler/bin/../lib/gcc/arm-none-eabi/6.3.1/../../../../arm-none-eabi/lib/thumb/v7e-m/fpv4-sp/hard\libm.a(lib_a-k_sin.o)
 .ARM.attributes
                0x0000068b       0x34 c:/ac6/systemworkbench/plugins/fr.ac6.mcu.externaltools.arm-none.win32_1.15.0.201708311556/tools/compiler/bin/../lib/gcc/arm-none-eabi/6.3.1/../../../../arm-none-eabi/lib/thumb/v7e-m/fpv4-sp/hard\libm.a(lib_a-s_atan.o)
 .ARM.attributes
                0x000006bf       0x34 c:/ac6/systemworkbench/plugins/fr.ac6.mcu.externaltools.arm-none.win32_1.15.0.201708311556/tools/compiler/bin/../lib/gcc/arm-none-eabi/6.3.1/../../../../arm-none-eabi/lib/thumb/v7e-m/fpv4-sp/hard\libm.a(lib_a-s_fabs.o)
 .ARM.attributes
                0x000006f3       0x34 c:/ac6/systemworkbench/plugins/fr.ac6.mcu.externaltools.arm-none.win32_1.15.0.201708311556/tools/compiler/bin/../lib/gcc/arm-none-eabi/6.3.1/../../../../arm-none-eabi/lib/thumb/v7e-m/fpv4-sp/hard\libm.a(lib_a-s_floor.o)
 .ARM.attributes
                0x00000727       0x34 c:/ac6/systemworkbench/plugins/fr.ac6.mcu.externaltools.arm-none.win32_1.15.0.201708311556/tools/compiler/bin/../lib/gcc/arm-none-eabi/6.3.1/../../../../arm-none-eabi/lib/thumb/v7e-m/fpv4-sp/hard\libm.a(lib_a-s_scalbn.o)
 .ARM.attributes
                0x0000075b       0x34 c:/ac6/systemworkbench/plugins/fr.ac6.mcu.externaltools.arm-none.win32_1.15.0.201708311556/tools/compiler/bin/../lib/gcc/arm-none-eabi/6.3.1/../../../../arm-none-eabi/lib/thumb/v7e-m/fpv4-sp/hard\libm.a(lib_a-s_copysign.o)
 .ARM.attributes
                0x0000078f       0x22 c:/ac6/systemworkbench/plugins/fr.ac6.mcu.externaltools.arm-none.win32_1.15.0.201708311556/tools/compiler/bin/../lib/gcc/arm-none-eabi/6.3.1/thumb/v7e-m/fpv4-sp/hard\libgcc.a(_arm_addsubdf3.o)
 .ARM.attributes
                0x000007b1       0x22 c:/ac6/systemworkbench/plugins/fr.ac6.mcu.externaltools.arm-none.win32_1.15.0.201708311556/tools/compiler/bin/../lib/gcc/arm-none-eabi/6.3.1/thumb/v7e-m/fpv4-sp/hard\libgcc.a(_arm_muldivdf3.o)
 .ARM.attributes
                0x000007d3       0x22 c:/ac6/systemworkbench/plugins/fr.ac6.mcu.externaltools.arm-none.win32_1.15.0.201708311556/tools/compiler/bin/../lib/gcc/arm-none-eabi/6.3.1/thumb/v7e-m/fpv4-sp/hard\libgcc.a(_arm_cmpdf2.o)
 .ARM.attributes
                0x000007f5       0x22 c:/ac6/systemworkbench/plugins/fr.ac6.mcu.externaltools.arm-none.win32_1.15.0.201708311556/tools/compiler/bin/../lib/gcc/arm-none-eabi/6.3.1/thumb/v7e-m/fpv4-sp/hard\libgcc.a(_arm_fixdfsi.o)
 .ARM.attributes
                0x00000817       0x22 c:/ac6/systemworkbench/plugins/fr.ac6.mcu.externaltools.arm-none.win32_1.15.0.201708311556/tools/compiler/bin/../lib/gcc/arm-none-eabi/6.3.1/thumb/v7e-m/fpv4-sp/hard\libgcc.a(_arm_truncdfsf2.o)
 .ARM.attributes
                0x00000839       0x22 c:/ac6/systemworkbench/plugins/fr.ac6.mcu.externaltools.arm-none.win32_1.15.0.201708311556/tools/compiler/bin/../lib/gcc/arm-none-eabi/6.3.1/thumb/v7e-m/fpv4-sp/hard\libgcc.a(_aeabi_uldivmod.o)
 .ARM.attributes
                0x0000085b       0x34 c:/ac6/systemworkbench/plugins/fr.ac6.mcu.externaltools.arm-none.win32_1.15.0.201708311556/tools/compiler/bin/../lib/gcc/arm-none-eabi/6.3.1/thumb/v7e-m/fpv4-sp/hard\libgcc.a(_udivmoddi4.o)
 .ARM.attributes
                0x0000088f       0x22 c:/ac6/systemworkbench/plugins/fr.ac6.mcu.externaltools.arm-none.win32_1.15.0.201708311556/tools/compiler/bin/../lib/gcc/arm-none-eabi/6.3.1/thumb/v7e-m/fpv4-sp/hard\libgcc.a(_dvmd_tls.o)
 .ARM.attributes
                0x000008b1       0x34 c:/ac6/systemworkbench/plugins/fr.ac6.mcu.externaltools.arm-none.win32_1.15.0.201708311556/tools/compiler/bin/../lib/gcc/arm-none-eabi/6.3.1/../../../../arm-none-eabi/lib/thumb/v7e-m/fpv4-sp/hard\libc_nano.a(lib_a-init.o)
 .ARM.attributes
                0x000008e5       0x22 c:/ac6/systemworkbench/plugins/fr.ac6.mcu.externaltools.arm-none.win32_1.15.0.201708311556/tools/compiler/bin/../lib/gcc/arm-none-eabi/6.3.1/thumb/v7e-m/fpv4-sp/hard/crtn.o
OUTPUT(sample_SBUS_mecanum.elf elf32-littlearm)

.debug_line     0x00000000     0xcf67
 .debug_line    0x00000000       0xb8 Application/SW4STM32/startup_stm32f446xx.o
 .debug_line    0x000000b8      0x9ad Application/User/SBUS.o
 .debug_line    0x00000a65      0x848 Application/User/gpio.o
 .debug_line    0x000012ad      0x961 Application/User/main.o
 .debug_line    0x00001c0e      0x3bf Application/User/mecanum.o
 .debug_line    0x00001fcd      0x844 Application/User/stm32f4xx_hal_msp.o
 .debug_line    0x00002811      0x86e Application/User/stm32f4xx_it.o
 .debug_line    0x0000307f      0x86f Application/User/tim.o
 .debug_line    0x000038ee      0x8b5 Application/User/usart.o
 .debug_line    0x000041a3       0xed Application/User/wrapper.o
 .debug_line    0x00004290      0xae9 Application/User/xprintf.o
 .debug_line    0x00004d79      0x86f Drivers/CMSIS/system_stm32f4xx.o
 .debug_line    0x000055e8      0xa1f Drivers/STM32F4xx_HAL_Driver/stm32f4xx_hal.o
 .debug_line    0x00006007      0xa5b Drivers/STM32F4xx_HAL_Driver/stm32f4xx_hal_cortex.o
 .debug_line    0x00006a62      0xb64 Drivers/STM32F4xx_HAL_Driver/stm32f4xx_hal_dma.o
 .debug_line    0x000075c6      0x9c5 Drivers/STM32F4xx_HAL_Driver/stm32f4xx_hal_gpio.o
 .debug_line    0x00007f8b      0xaab Drivers/STM32F4xx_HAL_Driver/stm32f4xx_hal_rcc.o
 .debug_line    0x00008a36      0xc7d Drivers/STM32F4xx_HAL_Driver/stm32f4xx_hal_rcc_ex.o
 .debug_line    0x000096b3     0x1970 Drivers/STM32F4xx_HAL_Driver/stm32f4xx_hal_tim.o
 .debug_line    0x0000b023      0xdfb Drivers/STM32F4xx_HAL_Driver/stm32f4xx_hal_tim_ex.o
 .debug_line    0x0000be1e     0x1149 Drivers/STM32F4xx_HAL_Driver/stm32f4xx_hal_uart.o

.debug_info     0x00000000    0x19e65
 .debug_info    0x00000000       0xdc Application/SW4STM32/startup_stm32f446xx.o
 .debug_info    0x000000dc     0x1694 Application/User/SBUS.o
 .debug_info    0x00001770      0xd43 Application/User/gpio.o
 .debug_info    0x000024b3     0x1953 Application/User/main.o
 .debug_info    0x00003e06      0xe6c Application/User/mecanum.o
 .debug_info    0x00004c72      0xc93 Application/User/stm32f4xx_hal_msp.o
 .debug_info    0x00005905     0x10d2 Application/User/stm32f4xx_it.o
 .debug_info    0x000069d7     0x1402 Application/User/tim.o
 .debug_info    0x00007dd9     0x152a Application/User/usart.o
 .debug_info    0x00009303      0x524 Application/User/wrapper.o
 .debug_info    0x00009827     0x1559 Application/User/xprintf.o
 .debug_info    0x0000ad80      0xd64 Drivers/CMSIS/system_stm32f4xx.o
 .debug_info    0x0000bae4     0x122e Drivers/STM32F4xx_HAL_Driver/stm32f4xx_hal.o
 .debug_info    0x0000cd12     0x1778 Drivers/STM32F4xx_HAL_Driver/stm32f4xx_hal_cortex.o
 .debug_info    0x0000e48a     0x127c Drivers/STM32F4xx_HAL_Driver/stm32f4xx_hal_dma.o
 .debug_info    0x0000f706      0xfe5 Drivers/STM32F4xx_HAL_Driver/stm32f4xx_hal_gpio.o
 .debug_info    0x000106eb     0x129f Drivers/STM32F4xx_HAL_Driver/stm32f4xx_hal_rcc.o
 .debug_info    0x0001198a     0x1414 Drivers/STM32F4xx_HAL_Driver/stm32f4xx_hal_rcc_ex.o
 .debug_info    0x00012d9e     0x3684 Drivers/STM32F4xx_HAL_Driver/stm32f4xx_hal_tim.o
 .debug_info    0x00016422     0x1b26 Drivers/STM32F4xx_HAL_Driver/stm32f4xx_hal_tim_ex.o
 .debug_info    0x00017f48     0x1f1d Drivers/STM32F4xx_HAL_Driver/stm32f4xx_hal_uart.o

.debug_abbrev   0x00000000     0x3864
 .debug_abbrev  0x00000000       0x12 Application/SW4STM32/startup_stm32f446xx.o
 .debug_abbrev  0x00000012      0x3b5 Application/User/SBUS.o
 .debug_abbrev  0x000003c7      0x229 Application/User/gpio.o
 .debug_abbrev  0x000005f0      0x2d7 Application/User/main.o
 .debug_abbrev  0x000008c7      0x307 Application/User/mecanum.o
 .debug_abbrev  0x00000bce      0x209 Application/User/stm32f4xx_hal_msp.o
 .debug_abbrev  0x00000dd7      0x22e Application/User/stm32f4xx_it.o
 .debug_abbrev  0x00001005      0x26e Application/User/tim.o
 .debug_abbrev  0x00001273      0x25f Application/User/usart.o
 .debug_abbrev  0x000014d2      0x242 Application/User/wrapper.o
 .debug_abbrev  0x00001714      0x3b5 Application/User/xprintf.o
 .debug_abbrev  0x00001ac9      0x205 Drivers/CMSIS/system_stm32f4xx.o
 .debug_abbrev  0x00001cce      0x2e3 Drivers/STM32F4xx_HAL_Driver/stm32f4xx_hal.o
 .debug_abbrev  0x00001fb1      0x3d4 Drivers/STM32F4xx_HAL_Driver/stm32f4xx_hal_cortex.o
 .debug_abbrev  0x00002385      0x328 Drivers/STM32F4xx_HAL_Driver/stm32f4xx_hal_dma.o
 .debug_abbrev  0x000026ad      0x2a5 Drivers/STM32F4xx_HAL_Driver/stm32f4xx_hal_gpio.o
 .debug_abbrev  0x00002952      0x331 Drivers/STM32F4xx_HAL_Driver/stm32f4xx_hal_rcc.o
 .debug_abbrev  0x00002c83      0x2e7 Drivers/STM32F4xx_HAL_Driver/stm32f4xx_hal_rcc_ex.o
 .debug_abbrev  0x00002f6a      0x2dc Drivers/STM32F4xx_HAL_Driver/stm32f4xx_hal_tim.o
 .debug_abbrev  0x00003246      0x2dc Drivers/STM32F4xx_HAL_Driver/stm32f4xx_hal_tim_ex.o
 .debug_abbrev  0x00003522      0x342 Drivers/STM32F4xx_HAL_Driver/stm32f4xx_hal_uart.o

.debug_aranges  0x00000000      0xce8
 .debug_aranges
                0x00000000       0x28 Application/SW4STM32/startup_stm32f446xx.o
 .debug_aranges
                0x00000028       0x80 Application/User/SBUS.o
 .debug_aranges
                0x000000a8       0x20 Application/User/gpio.o
 .debug_aranges
                0x000000c8       0x38 Application/User/main.o
 .debug_aranges
                0x00000100       0x40 Application/User/mecanum.o
 .debug_aranges
                0x00000140       0x20 Application/User/stm32f4xx_hal_msp.o
 .debug_aranges
                0x00000160       0x30 Application/User/stm32f4xx_it.o
 .debug_aranges
                0x00000190       0x30 Application/User/tim.o
 .debug_aranges
                0x000001c0       0x38 Application/User/usart.o
 .debug_aranges
                0x000001f8       0x50 Application/User/wrapper.o
 .debug_aranges
                0x00000248       0x90 Application/User/xprintf.o
 .debug_aranges
                0x000002d8       0x28 Drivers/CMSIS/system_stm32f4xx.o
 .debug_aranges
                0x00000300       0xe0 Drivers/STM32F4xx_HAL_Driver/stm32f4xx_hal.o
 .debug_aranges
                0x000003e0       0xa8 Drivers/STM32F4xx_HAL_Driver/stm32f4xx_hal_cortex.o
 .debug_aranges
                0x00000488       0x90 Drivers/STM32F4xx_HAL_Driver/stm32f4xx_hal_dma.o
 .debug_aranges
                0x00000518       0x58 Drivers/STM32F4xx_HAL_Driver/stm32f4xx_hal_gpio.o
 .debug_aranges
                0x00000570       0x88 Drivers/STM32F4xx_HAL_Driver/stm32f4xx_hal_rcc.o
 .debug_aranges
                0x000005f8       0x78 Drivers/STM32F4xx_HAL_Driver/stm32f4xx_hal_rcc_ex.o
 .debug_aranges
                0x00000670      0x368 Drivers/STM32F4xx_HAL_Driver/stm32f4xx_hal_tim.o
 .debug_aranges
                0x000009d8      0x140 Drivers/STM32F4xx_HAL_Driver/stm32f4xx_hal_tim_ex.o
 .debug_aranges
                0x00000b18      0x1d0 Drivers/STM32F4xx_HAL_Driver/stm32f4xx_hal_uart.o

.debug_ranges   0x00000000      0xc30
 .debug_ranges  0x00000000       0x20 Application/SW4STM32/startup_stm32f446xx.o
 .debug_ranges  0x00000020       0x70 Application/User/SBUS.o
 .debug_ranges  0x00000090       0x10 Application/User/gpio.o
 .debug_ranges  0x000000a0       0x28 Application/User/main.o
 .debug_ranges  0x000000c8       0x30 Application/User/mecanum.o
 .debug_ranges  0x000000f8       0x10 Application/User/stm32f4xx_hal_msp.o
 .debug_ranges  0x00000108       0x20 Application/User/stm32f4xx_it.o
 .debug_ranges  0x00000128       0x20 Application/User/tim.o
 .debug_ranges  0x00000148       0x28 Application/User/usart.o
 .debug_ranges  0x00000170       0x40 Application/User/wrapper.o
 .debug_ranges  0x000001b0       0x80 Application/User/xprintf.o
 .debug_ranges  0x00000230       0x18 Drivers/CMSIS/system_stm32f4xx.o
 .debug_ranges  0x00000248       0xd0 Drivers/STM32F4xx_HAL_Driver/stm32f4xx_hal.o
 .debug_ranges  0x00000318       0xf8 Drivers/STM32F4xx_HAL_Driver/stm32f4xx_hal_cortex.o
 .debug_ranges  0x00000410       0x80 Drivers/STM32F4xx_HAL_Driver/stm32f4xx_hal_dma.o
 .debug_ranges  0x00000490       0x48 Drivers/STM32F4xx_HAL_Driver/stm32f4xx_hal_gpio.o
 .debug_ranges  0x000004d8       0x90 Drivers/STM32F4xx_HAL_Driver/stm32f4xx_hal_rcc.o
 .debug_ranges  0x00000568       0x80 Drivers/STM32F4xx_HAL_Driver/stm32f4xx_hal_rcc_ex.o
 .debug_ranges  0x000005e8      0x358 Drivers/STM32F4xx_HAL_Driver/stm32f4xx_hal_tim.o
 .debug_ranges  0x00000940      0x130 Drivers/STM32F4xx_HAL_Driver/stm32f4xx_hal_tim_ex.o
 .debug_ranges  0x00000a70      0x1c0 Drivers/STM32F4xx_HAL_Driver/stm32f4xx_hal_uart.o

.debug_loc      0x00000000     0x8d47
 .debug_loc     0x00000000      0x321 Application/User/SBUS.o
 .debug_loc     0x00000321       0x4e Application/User/mecanum.o
 .debug_loc     0x0000036f       0x5b Application/User/tim.o
 .debug_loc     0x000003ca       0xa6 Application/User/usart.o
 .debug_loc     0x00000470       0x4b Application/User/wrapper.o
 .debug_loc     0x000004bb      0x9b4 Application/User/xprintf.o
 .debug_loc     0x00000e6f      0x13e Drivers/CMSIS/system_stm32f4xx.o
 .debug_loc     0x00000fad      0x108 Drivers/STM32F4xx_HAL_Driver/stm32f4xx_hal.o
 .debug_loc     0x000010b5      0x5ce Drivers/STM32F4xx_HAL_Driver/stm32f4xx_hal_cortex.o
 .debug_loc     0x00001683      0xae1 Drivers/STM32F4xx_HAL_Driver/stm32f4xx_hal_dma.o
 .debug_loc     0x00002164      0x414 Drivers/STM32F4xx_HAL_Driver/stm32f4xx_hal_gpio.o
 .debug_loc     0x00002578      0x3e6 Drivers/STM32F4xx_HAL_Driver/stm32f4xx_hal_rcc.o
 .debug_loc     0x0000295e      0xb83 Drivers/STM32F4xx_HAL_Driver/stm32f4xx_hal_rcc_ex.o
 .debug_loc     0x000034e1     0x34bc Drivers/STM32F4xx_HAL_Driver/stm32f4xx_hal_tim.o
 .debug_loc     0x0000699d      0xe78 Drivers/STM32F4xx_HAL_Driver/stm32f4xx_hal_tim_ex.o
 .debug_loc     0x00007815     0x1532 Drivers/STM32F4xx_HAL_Driver/stm32f4xx_hal_uart.o

.debug_macro    0x00000000    0x25984
 .debug_macro   0x00000000      0x33c Application/User/SBUS.o
 .debug_macro   0x0000033c      0x98e Application/User/SBUS.o
 .debug_macro   0x00000cca       0x64 Application/User/SBUS.o
 .debug_macro   0x00000d2e      0x180 Application/User/SBUS.o
 .debug_macro   0x00000eae       0x32 Application/User/SBUS.o
 .debug_macro   0x00000ee0       0x28 Application/User/SBUS.o
 .debug_macro   0x00000f08       0x1c Application/User/SBUS.o
 .debug_macro   0x00000f24       0x22 Application/User/SBUS.o
 .debug_macro   0x00000f46       0x87 Application/User/SBUS.o
 .debug_macro   0x00000fcd       0x51 Application/User/SBUS.o
 .debug_macro   0x0000101e       0xef Application/User/SBUS.o
 .debug_macro   0x0000110d       0x6a Application/User/SBUS.o
 .debug_macro   0x00001177      0x1df Application/User/SBUS.o
 .debug_macro   0x00001356       0x35 Application/User/SBUS.o
 .debug_macro   0x0000138b       0x50 Application/User/SBUS.o
 .debug_macro   0x000013db      0xe66 Application/User/SBUS.o
 .debug_macro   0x00002241    0x16607 Application/User/SBUS.o
 .debug_macro   0x00018848       0x43 Application/User/SBUS.o
 .debug_macro   0x0001888b     0x3535 Application/User/SBUS.o
 .debug_macro   0x0001bdc0       0x58 Application/User/SBUS.o
 .debug_macro   0x0001be18       0x35 Application/User/SBUS.o
 .debug_macro   0x0001be4d       0x9c Application/User/SBUS.o
 .debug_macro   0x0001bee9       0x16 Application/User/SBUS.o
 .debug_macro   0x0001beff       0x97 Application/User/SBUS.o
 .debug_macro   0x0001bf96      0x353 Application/User/SBUS.o
 .debug_macro   0x0001c2e9      0x104 Application/User/SBUS.o
 .debug_macro   0x0001c3ed       0x10 Application/User/SBUS.o
 .debug_macro   0x0001c3fd       0x58 Application/User/SBUS.o
 .debug_macro   0x0001c455       0x1f Application/User/SBUS.o
 .debug_macro   0x0001c474       0x43 Application/User/SBUS.o
 .debug_macro   0x0001c4b7       0x20 Application/User/SBUS.o
 .debug_macro   0x0001c4d7      0x187 Application/User/SBUS.o
 .debug_macro   0x0001c65e       0x10 Application/User/SBUS.o
 .debug_macro   0x0001c66e       0x1c Application/User/SBUS.o
 .debug_macro   0x0001c68a       0x52 Application/User/SBUS.o
 .debug_macro   0x0001c6dc       0x40 Application/User/SBUS.o
 .debug_macro   0x0001c71c       0x10 Application/User/SBUS.o
 .debug_macro   0x0001c72c       0x40 Application/User/SBUS.o
 .debug_macro   0x0001c76c       0xd7 Application/User/SBUS.o
 .debug_macro   0x0001c843       0x16 Application/User/SBUS.o
 .debug_macro   0x0001c859      0x18b Application/User/SBUS.o
 .debug_macro   0x0001c9e4       0x50 Application/User/SBUS.o
 .debug_macro   0x0001ca34      0xc90 Application/User/SBUS.o
 .debug_macro   0x0001d6c4      0xa02 Application/User/SBUS.o
 .debug_macro   0x0001e0c6      0x11e Application/User/SBUS.o
 .debug_macro   0x0001e1e4      0x1a0 Application/User/SBUS.o
 .debug_macro   0x0001e384       0x27 Application/User/SBUS.o
 .debug_macro   0x0001e3ab      0x287 Application/User/SBUS.o
 .debug_macro   0x0001e632       0x5f Application/User/SBUS.o
 .debug_macro   0x0001e691      0x23a Application/User/SBUS.o
 .debug_macro   0x0001e8cb      0x13a Application/User/SBUS.o
 .debug_macro   0x0001ea05      0x29c Application/User/SBUS.o
 .debug_macro   0x0001eca1       0x2e Application/User/SBUS.o
 .debug_macro   0x0001eccf      0x11e Application/User/SBUS.o
 .debug_macro   0x0001eded       0xe8 Application/User/SBUS.o
 .debug_macro   0x0001eed5       0x89 Application/User/SBUS.o
 .debug_macro   0x0001ef5e      0x6e0 Application/User/SBUS.o
 .debug_macro   0x0001f63e       0x60 Application/User/SBUS.o
 .debug_macro   0x0001f69e      0x14d Application/User/SBUS.o
 .debug_macro   0x0001f7eb      0x287 Application/User/SBUS.o
 .debug_macro   0x0001fa72      0x12d Application/User/SBUS.o
 .debug_macro   0x0001fb9f      0x323 Application/User/gpio.o
 .debug_macro   0x0001fec2      0x8bc Application/User/gpio.o
 .debug_macro   0x0002077e      0xe66 Application/User/gpio.o
 .debug_macro   0x000215e4       0x9c Application/User/gpio.o
 .debug_macro   0x00021680       0x97 Application/User/gpio.o
 .debug_macro   0x00021717      0x330 Application/User/gpio.o
 .debug_macro   0x00021a47       0xfd Application/User/gpio.o
 .debug_macro   0x00021b44       0x43 Application/User/gpio.o
 .debug_macro   0x00021b87      0x383 Application/User/main.o
 .debug_macro   0x00021f0a       0x10 Application/User/main.o
 .debug_macro   0x00021f1a       0x35 Application/User/main.o
 .debug_macro   0x00021f4f      0x45d Application/User/main.o
 .debug_macro   0x000223ac       0x46 Application/User/main.o
 .debug_macro   0x000223f2       0xea Application/User/mecanum.o
 .debug_macro   0x000224dc       0x52 Application/User/mecanum.o
 .debug_macro   0x0002252e       0x8d Application/User/mecanum.o
 .debug_macro   0x000225bb      0x174 Application/User/mecanum.o
 .debug_macro   0x0002272f       0x57 Application/User/mecanum.o
 .debug_macro   0x00022786      0x1e1 Application/User/mecanum.o
 .debug_macro   0x00022967      0x319 Application/User/stm32f4xx_hal_msp.o
 .debug_macro   0x00022c80      0x323 Application/User/stm32f4xx_it.o
 .debug_macro   0x00022fa3      0x323 Application/User/tim.o
 .debug_macro   0x000232c6      0x32d Application/User/usart.o
 .debug_macro   0x000235f3       0x2f Application/User/wrapper.o
 .debug_macro   0x00023622      0x352 Application/User/xprintf.o
 .debug_macro   0x00023974       0x4c Application/User/xprintf.o
 .debug_macro   0x000239c0      0x31f Drivers/CMSIS/system_stm32f4xx.o
 .debug_macro   0x00023cdf      0x379 Drivers/STM32F4xx_HAL_Driver/stm32f4xx_hal.o
 .debug_macro   0x00024058      0x319 Drivers/STM32F4xx_HAL_Driver/stm32f4xx_hal_cortex.o
 .debug_macro   0x00024371      0x320 Drivers/STM32F4xx_HAL_Driver/stm32f4xx_hal_dma.o
 .debug_macro   0x00024691      0x351 Drivers/STM32F4xx_HAL_Driver/stm32f4xx_hal_gpio.o
 .debug_macro   0x000249e2      0x33d Drivers/STM32F4xx_HAL_Driver/stm32f4xx_hal_rcc.o
 .debug_macro   0x00024d1f      0x319 Drivers/STM32F4xx_HAL_Driver/stm32f4xx_hal_rcc_ex.o
 .debug_macro   0x00025038      0x319 Drivers/STM32F4xx_HAL_Driver/stm32f4xx_hal_tim.o
 .debug_macro   0x00025351      0x319 Drivers/STM32F4xx_HAL_Driver/stm32f4xx_hal_tim_ex.o
 .debug_macro   0x0002566a      0x31a Drivers/STM32F4xx_HAL_Driver/stm32f4xx_hal_uart.o

.debug_str      0x00000000    0xcb6ef
 .debug_str     0x00000000    0xc5dc9 Application/User/SBUS.o
                              0xc6206 (size before relaxing)
 .debug_str     0x000c5dc9      0x497 Application/User/gpio.o
                              0xc5657 (size before relaxing)
 .debug_str     0x000c6260     0x1b01 Application/User/main.o
                              0xc7535 (size before relaxing)
 .debug_str     0x000c7d61      0x8f3 Application/User/mecanum.o
                               0x625c (size before relaxing)
 .debug_str     0x000c8654       0x7c Application/User/stm32f4xx_hal_msp.o
                              0xc59d5 (size before relaxing)
 .debug_str     0x000c86d0       0xce Application/User/stm32f4xx_it.o
                              0xc5acd (size before relaxing)
 .debug_str     0x000c879e      0x129 Application/User/tim.o
                              0xc6008 (size before relaxing)
 .debug_str     0x000c88c7       0x94 Application/User/usart.o
                              0xc602d (size before relaxing)
 .debug_str     0x000c895b       0x89 Application/User/wrapper.o
                               0x2d3d (size before relaxing)
 .debug_str     0x000c89e4      0x185 Application/User/xprintf.o
                              0xc6bb2 (size before relaxing)
 .debug_str     0x000c8b69       0xf7 Drivers/CMSIS/system_stm32f4xx.o
                              0xc562d (size before relaxing)
 .debug_str     0x000c8c60      0x598 Drivers/STM32F4xx_HAL_Driver/stm32f4xx_hal.o
                              0xc61dd (size before relaxing)
 .debug_str     0x000c91f8      0x34b Drivers/STM32F4xx_HAL_Driver/stm32f4xx_hal_cortex.o
                              0xc5efa (size before relaxing)
 .debug_str     0x000c9543      0x355 Drivers/STM32F4xx_HAL_Driver/stm32f4xx_hal_dma.o
                              0xc5a2e (size before relaxing)
 .debug_str     0x000c9898      0x214 Drivers/STM32F4xx_HAL_Driver/stm32f4xx_hal_gpio.o
                              0xc5871 (size before relaxing)
 .debug_str     0x000c9aac      0x241 Drivers/STM32F4xx_HAL_Driver/stm32f4xx_hal_rcc.o
                              0xc5a40 (size before relaxing)
 .debug_str     0x000c9ced      0x35c Drivers/STM32F4xx_HAL_Driver/stm32f4xx_hal_rcc_ex.o
                              0xc5a8f (size before relaxing)
 .debug_str     0x000ca049      0xce0 Drivers/STM32F4xx_HAL_Driver/stm32f4xx_hal_tim.o
                              0xc6654 (size before relaxing)
 .debug_str     0x000cad29      0x4bc Drivers/STM32F4xx_HAL_Driver/stm32f4xx_hal_tim_ex.o
                              0xc5f14 (size before relaxing)
 .debug_str     0x000cb1e5      0x50a Drivers/STM32F4xx_HAL_Driver/stm32f4xx_hal_uart.o
                              0xc5e91 (size before relaxing)

.comment        0x00000000       0x7f
 .comment       0x00000000       0x7f Application/User/SBUS.o
                                 0x80 (size before relaxing)
 .comment       0x0000007f       0x80 Application/User/gpio.o
 .comment       0x0000007f       0x80 Application/User/main.o
 .comment       0x0000007f       0x80 Application/User/mecanum.o
 .comment       0x0000007f       0x80 Application/User/stm32f4xx_hal_msp.o
 .comment       0x0000007f       0x80 Application/User/stm32f4xx_it.o
 .comment       0x0000007f       0x80 Application/User/tim.o
 .comment       0x0000007f       0x80 Application/User/usart.o
 .comment       0x0000007f       0x80 Application/User/wrapper.o
 .comment       0x0000007f       0x80 Application/User/xprintf.o
 .comment       0x0000007f       0x80 Drivers/CMSIS/system_stm32f4xx.o
 .comment       0x0000007f       0x80 Drivers/STM32F4xx_HAL_Driver/stm32f4xx_hal.o
 .comment       0x0000007f       0x80 Drivers/STM32F4xx_HAL_Driver/stm32f4xx_hal_cortex.o
 .comment       0x0000007f       0x80 Drivers/STM32F4xx_HAL_Driver/stm32f4xx_hal_dma.o
 .comment       0x0000007f       0x80 Drivers/STM32F4xx_HAL_Driver/stm32f4xx_hal_gpio.o
 .comment       0x0000007f       0x80 Drivers/STM32F4xx_HAL_Driver/stm32f4xx_hal_rcc.o
 .comment       0x0000007f       0x80 Drivers/STM32F4xx_HAL_Driver/stm32f4xx_hal_rcc_ex.o
 .comment       0x0000007f       0x80 Drivers/STM32F4xx_HAL_Driver/stm32f4xx_hal_tim.o
 .comment       0x0000007f       0x80 Drivers/STM32F4xx_HAL_Driver/stm32f4xx_hal_tim_ex.o
 .comment       0x0000007f       0x80 Drivers/STM32F4xx_HAL_Driver/stm32f4xx_hal_uart.o

.debug_frame    0x00000000     0x26fc
 .debug_frame   0x00000000      0x12c Application/User/SBUS.o
 .debug_frame   0x0000012c       0x30 Application/User/gpio.o
 .debug_frame   0x0000015c       0x74 Application/User/main.o
 .debug_frame   0x000001d0       0xcc Application/User/mecanum.o
 .debug_frame   0x0000029c       0x28 Application/User/stm32f4xx_hal_msp.o
 .debug_frame   0x000002c4       0x58 Application/User/stm32f4xx_it.o
 .debug_frame   0x0000031c       0x64 Application/User/tim.o
 .debug_frame   0x00000380       0x78 Application/User/usart.o
 .debug_frame   0x000003f8       0xa0 Application/User/wrapper.o
 .debug_frame   0x00000498      0x214 Application/User/xprintf.o
 .debug_frame   0x000006ac       0x30 Drivers/CMSIS/system_stm32f4xx.o
 .debug_frame   0x000006dc      0x1cc Drivers/STM32F4xx_HAL_Driver/stm32f4xx_hal.o
 .debug_frame   0x000008a8      0x15c Drivers/STM32F4xx_HAL_Driver/stm32f4xx_hal_cortex.o
 .debug_frame   0x00000a04      0x17c Drivers/STM32F4xx_HAL_Driver/stm32f4xx_hal_dma.o
 .debug_frame   0x00000b80       0xd0 Drivers/STM32F4xx_HAL_Driver/stm32f4xx_hal_gpio.o
 .debug_frame   0x00000c50      0x174 Drivers/STM32F4xx_HAL_Driver/stm32f4xx_hal_rcc.o
 .debug_frame   0x00000dc4      0x144 Drivers/STM32F4xx_HAL_Driver/stm32f4xx_hal_rcc_ex.o
 .debug_frame   0x00000f08      0x9e0 Drivers/STM32F4xx_HAL_Driver/stm32f4xx_hal_tim.o
 .debug_frame   0x000018e8      0x384 Drivers/STM32F4xx_HAL_Driver/stm32f4xx_hal_tim_ex.o
 .debug_frame   0x00001c6c      0x4e8 Drivers/STM32F4xx_HAL_Driver/stm32f4xx_hal_uart.o
 .debug_frame   0x00002154       0x3c c:/ac6/systemworkbench/plugins/fr.ac6.mcu.externaltools.arm-none.win32_1.15.0.201708311556/tools/compiler/bin/../lib/gcc/arm-none-eabi/6.3.1/../../../../arm-none-eabi/lib/thumb/v7e-m/fpv4-sp/hard\libm.a(lib_a-s_cos.o)
 .debug_frame   0x00002190       0x3c c:/ac6/systemworkbench/plugins/fr.ac6.mcu.externaltools.arm-none.win32_1.15.0.201708311556/tools/compiler/bin/../lib/gcc/arm-none-eabi/6.3.1/../../../../arm-none-eabi/lib/thumb/v7e-m/fpv4-sp/hard\libm.a(lib_a-s_sin.o)
 .debug_frame   0x000021cc       0x20 c:/ac6/systemworkbench/plugins/fr.ac6.mcu.externaltools.arm-none.win32_1.15.0.201708311556/tools/compiler/bin/../lib/gcc/arm-none-eabi/6.3.1/../../../../arm-none-eabi/lib/thumb/v7e-m/fpv4-sp/hard\libm.a(lib_a-w_atan2.o)
 .debug_frame   0x000021ec       0x44 c:/ac6/systemworkbench/plugins/fr.ac6.mcu.externaltools.arm-none.win32_1.15.0.201708311556/tools/compiler/bin/../lib/gcc/arm-none-eabi/6.3.1/../../../../arm-none-eabi/lib/thumb/v7e-m/fpv4-sp/hard\libm.a(lib_a-e_atan2.o)
 .debug_frame   0x00002230       0x44 c:/ac6/systemworkbench/plugins/fr.ac6.mcu.externaltools.arm-none.win32_1.15.0.201708311556/tools/compiler/bin/../lib/gcc/arm-none-eabi/6.3.1/../../../../arm-none-eabi/lib/thumb/v7e-m/fpv4-sp/hard\libm.a(lib_a-e_rem_pio2.o)
 .debug_frame   0x00002274       0x68 c:/ac6/systemworkbench/plugins/fr.ac6.mcu.externaltools.arm-none.win32_1.15.0.201708311556/tools/compiler/bin/../lib/gcc/arm-none-eabi/6.3.1/../../../../arm-none-eabi/lib/thumb/v7e-m/fpv4-sp/hard\libm.a(lib_a-k_cos.o)
 .debug_frame   0x000022dc       0x50 c:/ac6/systemworkbench/plugins/fr.ac6.mcu.externaltools.arm-none.win32_1.15.0.201708311556/tools/compiler/bin/../lib/gcc/arm-none-eabi/6.3.1/../../../../arm-none-eabi/lib/thumb/v7e-m/fpv4-sp/hard\libm.a(lib_a-k_rem_pio2.o)
 .debug_frame   0x0000232c       0x68 c:/ac6/systemworkbench/plugins/fr.ac6.mcu.externaltools.arm-none.win32_1.15.0.201708311556/tools/compiler/bin/../lib/gcc/arm-none-eabi/6.3.1/../../../../arm-none-eabi/lib/thumb/v7e-m/fpv4-sp/hard\libm.a(lib_a-k_sin.o)
 .debug_frame   0x00002394       0x38 c:/ac6/systemworkbench/plugins/fr.ac6.mcu.externaltools.arm-none.win32_1.15.0.201708311556/tools/compiler/bin/../lib/gcc/arm-none-eabi/6.3.1/../../../../arm-none-eabi/lib/thumb/v7e-m/fpv4-sp/hard\libm.a(lib_a-s_atan.o)
 .debug_frame   0x000023cc       0x20 c:/ac6/systemworkbench/plugins/fr.ac6.mcu.externaltools.arm-none.win32_1.15.0.201708311556/tools/compiler/bin/../lib/gcc/arm-none-eabi/6.3.1/../../../../arm-none-eabi/lib/thumb/v7e-m/fpv4-sp/hard\libm.a(lib_a-s_fabs.o)
 .debug_frame   0x000023ec       0x30 c:/ac6/systemworkbench/plugins/fr.ac6.mcu.externaltools.arm-none.win32_1.15.0.201708311556/tools/compiler/bin/../lib/gcc/arm-none-eabi/6.3.1/../../../../arm-none-eabi/lib/thumb/v7e-m/fpv4-sp/hard\libm.a(lib_a-s_floor.o)
 .debug_frame   0x0000241c       0x2c c:/ac6/systemworkbench/plugins/fr.ac6.mcu.externaltools.arm-none.win32_1.15.0.201708311556/tools/compiler/bin/../lib/gcc/arm-none-eabi/6.3.1/../../../../arm-none-eabi/lib/thumb/v7e-m/fpv4-sp/hard\libm.a(lib_a-s_scalbn.o)
 .debug_frame   0x00002448       0x20 c:/ac6/systemworkbench/plugins/fr.ac6.mcu.externaltools.arm-none.win32_1.15.0.201708311556/tools/compiler/bin/../lib/gcc/arm-none-eabi/6.3.1/../../../../arm-none-eabi/lib/thumb/v7e-m/fpv4-sp/hard\libm.a(lib_a-s_copysign.o)
 .debug_frame   0x00002468       0xac c:/ac6/systemworkbench/plugins/fr.ac6.mcu.externaltools.arm-none.win32_1.15.0.201708311556/tools/compiler/bin/../lib/gcc/arm-none-eabi/6.3.1/thumb/v7e-m/fpv4-sp/hard\libgcc.a(_arm_addsubdf3.o)
 .debug_frame   0x00002514       0x50 c:/ac6/systemworkbench/plugins/fr.ac6.mcu.externaltools.arm-none.win32_1.15.0.201708311556/tools/compiler/bin/../lib/gcc/arm-none-eabi/6.3.1/thumb/v7e-m/fpv4-sp/hard\libgcc.a(_arm_muldivdf3.o)
 .debug_frame   0x00002564       0xc4 c:/ac6/systemworkbench/plugins/fr.ac6.mcu.externaltools.arm-none.win32_1.15.0.201708311556/tools/compiler/bin/../lib/gcc/arm-none-eabi/6.3.1/thumb/v7e-m/fpv4-sp/hard\libgcc.a(_arm_cmpdf2.o)
 .debug_frame   0x00002628       0x24 c:/ac6/systemworkbench/plugins/fr.ac6.mcu.externaltools.arm-none.win32_1.15.0.201708311556/tools/compiler/bin/../lib/gcc/arm-none-eabi/6.3.1/thumb/v7e-m/fpv4-sp/hard\libgcc.a(_arm_fixdfsi.o)
 .debug_frame   0x0000264c       0x24 c:/ac6/systemworkbench/plugins/fr.ac6.mcu.externaltools.arm-none.win32_1.15.0.201708311556/tools/compiler/bin/../lib/gcc/arm-none-eabi/6.3.1/thumb/v7e-m/fpv4-sp/hard\libgcc.a(_arm_truncdfsf2.o)
 .debug_frame   0x00002670       0x2c c:/ac6/systemworkbench/plugins/fr.ac6.mcu.externaltools.arm-none.win32_1.15.0.201708311556/tools/compiler/bin/../lib/gcc/arm-none-eabi/6.3.1/thumb/v7e-m/fpv4-sp/hard\libgcc.a(_aeabi_uldivmod.o)
 .debug_frame   0x0000269c       0x34 c:/ac6/systemworkbench/plugins/fr.ac6.mcu.externaltools.arm-none.win32_1.15.0.201708311556/tools/compiler/bin/../lib/gcc/arm-none-eabi/6.3.1/thumb/v7e-m/fpv4-sp/hard\libgcc.a(_udivmoddi4.o)
 .debug_frame   0x000026d0       0x2c c:/ac6/systemworkbench/plugins/fr.ac6.mcu.externaltools.arm-none.win32_1.15.0.201708311556/tools/compiler/bin/../lib/gcc/arm-none-eabi/6.3.1/../../../../arm-none-eabi/lib/thumb/v7e-m/fpv4-sp/hard\libc_nano.a(lib_a-init.o)
